---
source: crates/codegen/tests/yul.rs
expression: output
input_file: tests/fixtures/bool_literal.fe
---
object "main" {
  code {
    function $bool_literal() -> ret {
      let v1 := 1
      let v0 := iszero(iszero(v1))
      ret := iszero(iszero(v0))
      leave
    }
    function $main_root() {
      let v0 := $bool_literal()
      stop()
    }
    $main_root()
  }
}
