---
source: crates/codegen/tests/yul.rs
expression: output
input_file: tests/fixtures/const_fn_packed_config.fe
---
object "main" {
  code {
    function $main() -> ret {
      let v1 := 0x12001e
      let v0 := v1
      ret := v0
      leave
    }
    function $main_root() {
      let v0 := $main()
      stop()
    }
    $main_root()
  }
}
