---
source: crates/codegen/tests/yul.rs
expression: output
input_file: tests/fixtures/erc20.fe
---
object "CoolCoin" {
  code {
    function _a__b__storagekey_write_key__u256_Address__1ae3ad2a1b729a8b(ptr, self) -> ret {
      let v0 := mload(self)
      let v1 := add(self, 32)
      let v2 := u256_storagekey_write_key(ptr, v0)
      let v3 := address_storagekey_write_key(add(ptr, v2), v1)
      ret := add(v2, v3)
      leave
    }
    function accesscontrol_grant_stor(self, role, to) {
      let v0 := mload(0x40)
      if iszero(v0) {
        v0 := 0x80
      }
      mstore(0x40, add(v0, 64))
      mstore(v0, role)
      let v1 := to
      mstore(add(v0, 32), mload(v1))
      storagemap_k__v__set_stor___u256__Address__bool__ac1f217814dd9c46(self, v0, 1)
      leave
    }
    function address_decode_decode__Sol_SolDecoder_CallData___828c6f2e3bda3cab(d) -> ret {
      let v0 := soldecoder_i__abidecoder_read_word__CallData__b9ab8dc8a4b2f9e(d)
      let v1 := mload(0x40)
      if iszero(v1) {
        v1 := 0x80
      }
      mstore(0x40, add(v1, 32))
      mstore(v1, v0)
      ret := v1
      leave
    }
    function address_storagekey_write_key(ptr, self) -> ret {
      let v0 := mload(self)
      let v1 := u256_storagekey_write_key(ptr, v0)
      ret := v1
      leave
    }
    function address_zero() -> ret {
      let v0 := mload(0x40)
      if iszero(v0) {
        v0 := 0x80
      }
      mstore(0x40, add(v0, 32))
      mstore(v0, 0)
      ret := v0
      leave
    }
    function assert(b) {
      let v0 := iszero(b)
      if v0 {
        revert(0, 0)
      }
      leave
    }
    function bool_wordrepr_to_word(self) -> ret {
      let v0 := 0
      switch self
        case 1 {
          v0 := 1
        }
        case 0 {
          v0 := 0
        }
        default {
          v0 := 0
        }
      ret := v0
      leave
    }
    function calldata_byteinput_word_at(self, byte_offset) -> ret {
      let v0 := calldataload(byte_offset)
      ret := v0
      leave
    }
    function cursor_i__new__CallData__b9ab8dc8a4b2f9e(input) -> ret {
      let v0 := mload(0x40)
      if iszero(v0) {
        v0 := 0x80
      }
      mstore(0x40, add(v0, 32))
      pop(v0)
      mstore(v0, 0)
      let v1 := v0
      ret := v1
      leave
    }
    function cursor_i__read_word_mem__CallData__b9ab8dc8a4b2f9e(self) -> ret {
      pop(self)
      let v0 := mload(self)
      let v1 := calldata_byteinput_word_at(0, v0)
      let v2 := mload(self)
      mstore(self, add(v2, 32))
      ret := v1
      leave
    }
    function init() {
      let v0 := 0
      let v1 := 0
      let v2 := 0
      let v3 := stor_ptr__Evm_TokenStore__f6aa99d6ecaccf30(v2, 0)
      let v4 := stor_ptr__Evm_AccessControl__9eae422fa78e0dfe(v2, 3)
      let v5 := soldecoder_i__new__CallData__b9ab8dc8a4b2f9e(0)
      let v6 := calldatasize()
      let v7 := lt(v6, add(32, 32))
      if v7 {
        revert(0, 0)
      }
      let v8 := u256_decode_decode__Sol_SolDecoder_CallData___828c6f2e3bda3cab(v5)
      let v9 := address_decode_decode__Sol_SolDecoder_CallData___828c6f2e3bda3cab(v5)
      let v10 := v3
      let v11 := v4
      let v12 := v0
      init_contract(v8, v9, v10, v11, v12, v1)
      let v13 := datasize("CoolCoin_deployed")
      let v14 := dataoffset("CoolCoin_deployed")
      codecopy(0, v14, v13)
      return(0, v13)
    }
    function init_contract(initial_supply, owner, store, auth, ctx, log) {
      accesscontrol_grant_stor(auth, 1, owner)
      accesscontrol_grant_stor(auth, 2, owner)
      let v0 := gt(initial_supply, 0)
      if v0 {
        mint(owner, initial_supply, store, log)
      }
      leave
    }
    function log_emit_stor__TransferEvent__3286f1804ad8a121(self, event) {
      todo()
      leave
    }
    function mint(to, amount, store, log) {
      let v0 := address_zero()
      assert(iszero(eq(to, v0)))
      let v1 := storagemap_k__v__get_stor__Address_u256__cdd966cb4c9acb9d(add(store, 1), to)
      storagemap_k__v__set_stor__Address_u256__cdd966cb4c9acb9d(add(store, 1), to, add(v1, amount))
      let v2 := address_zero()
      let v3 := mload(0x40)
      if iszero(v3) {
        v3 := 0x80
      }
      mstore(0x40, add(v3, 96))
      let v4 := v2
      mstore(v3, mload(v4))
      let v5 := to
      mstore(add(v3, 32), mload(v5))
      mstore(add(v3, 64), amount)
      log_emit_stor__TransferEvent__3286f1804ad8a121(log, v3)
      leave
    }
    function soldecoder_i__abidecoder_read_word__CallData__b9ab8dc8a4b2f9e(self) -> ret {
      let v0 := cursor_i__read_word_mem__CallData__b9ab8dc8a4b2f9e(self)
      ret := v0
      leave
    }
    function soldecoder_i__new__CallData__b9ab8dc8a4b2f9e(input) -> ret {
      let v0 := cursor_i__new__CallData__b9ab8dc8a4b2f9e(input)
      let v1 := mload(0x40)
      if iszero(v1) {
        v1 := 0x80
      }
      mstore(0x40, add(v1, 64))
      let v2 := v0
      mstore(v1, mload(v2))
      mstore(add(v1, 32), 0)
      let v3 := v1
      ret := v3
      leave
    }
    function stor_ptr__Evm_AccessControl__9eae422fa78e0dfe(self, slot) -> ret {
      let v0 := slot
      ret := v0
      leave
    }
    function stor_ptr__Evm_TokenStore__f6aa99d6ecaccf30(self, slot) -> ret {
      let v0 := slot
      ret := v0
      leave
    }
    function storagemap_k__v__get_stor__Address_u256__cdd966cb4c9acb9d(self, key) -> ret {
      let v0 := storagemap_k__v__storage_slot_stor__Address_u256__cdd966cb4c9acb9d(self, key)
      let v1 := sload(v0)
      let v2 := u256_wordrepr_from_word(v1)
      ret := v2
      leave
    }
    function storagemap_k__v__set_stor__Address_u256__cdd966cb4c9acb9d(self, key, value) {
      let v0 := storagemap_k__v__storage_slot_stor__Address_u256__cdd966cb4c9acb9d(self, key)
      let v1 := u256_wordrepr_to_word(value)
      sstore(v0, v1)
      leave
    }
    function storagemap_k__v__set_stor___u256__Address__bool__ac1f217814dd9c46(self, key, value) {
      let v0 := storagemap_k__v__storage_slot_stor___u256__Address__bool__ac1f217814dd9c46(self, key)
      let v1 := bool_wordrepr_to_word(value)
      sstore(v0, v1)
      leave
    }
    function storagemap_k__v__storage_slot_stor__Address_u256__cdd966cb4c9acb9d(self, key) -> ret {
      let v0 := address_storagekey_write_key(0, key)
      let v1 := self
      mstore(v0, v1)
      let v2 := keccak256(0, add(v0, 32))
      ret := v2
      leave
    }
    function storagemap_k__v__storage_slot_stor___u256__Address__bool__ac1f217814dd9c46(self, key) -> ret {
      let v0 := _a__b__storagekey_write_key__u256_Address__1ae3ad2a1b729a8b(0, key)
      let v1 := self
      mstore(v0, v1)
      let v2 := keccak256(0, add(v0, 32))
      ret := v2
      leave
    }
    function u256_decode_decode__Sol_SolDecoder_CallData___828c6f2e3bda3cab(d) -> ret {
      let v0 := soldecoder_i__abidecoder_read_word__CallData__b9ab8dc8a4b2f9e(d)
      ret := v0
      leave
    }
    function u256_storagekey_write_key(ptr, self) -> ret {
      mstore(ptr, self)
      ret := 32
      leave
    }
    function u256_wordrepr_from_word(word) -> ret {
      ret := word
      leave
    }
    function u256_wordrepr_to_word(self) -> ret {
      ret := self
      leave
    }
    init()
  }

  object "CoolCoin_deployed" {
    code {
      function ___decode_decode__Sol_SolDecoder_CallData___828c6f2e3bda3cab(d) {
        leave
      }
      function _a__b__storagekey_write_key__Address_Address__397b9a625a435b6f(ptr, self) -> ret {
        let v0 := self
        let v1 := add(self, 32)
        let v2 := address_storagekey_write_key(ptr, v0)
        let v3 := address_storagekey_write_key(add(ptr, v2), v1)
        ret := add(v2, v3)
        leave
      }
      function _a__b__storagekey_write_key__u256_Address__1ae3ad2a1b729a8b(ptr, self) -> ret {
        let v0 := mload(self)
        let v1 := add(self, 32)
        let v2 := u256_storagekey_write_key(ptr, v0)
        let v3 := address_storagekey_write_key(add(ptr, v2), v1)
        ret := add(v2, v3)
        leave
      }
      function _t0__decode_decode__Sol_Address_SolDecoder_CallData___c3cd70daebc6e8b9(d) -> ret {
        let v0 := address_decode_decode__Sol_SolDecoder_CallData___828c6f2e3bda3cab(d)
        let v1 := mload(0x40)
        if iszero(v1) {
          v1 := 0x80
        }
        mstore(0x40, add(v1, 32))
        let v2 := v0
        mstore(v1, mload(v2))
        ret := v1
        leave
      }
      function _t0__decode_decode__Sol_u256_SolDecoder_CallData___51fc2f6931ec5edc(d) -> ret {
        let v0 := u256_decode_decode__Sol_SolDecoder_CallData___828c6f2e3bda3cab(d)
        let v1 := mload(0x40)
        if iszero(v1) {
          v1 := 0x80
        }
        mstore(0x40, add(v1, 32))
        mstore(v1, v0)
        ret := v1
        leave
      }
      function _t0__t1__decode_decode__Sol_Address_Address_SolDecoder_CallData___7ed19c3f9fd70917(d) -> ret {
        let v0 := address_decode_decode__Sol_SolDecoder_CallData___828c6f2e3bda3cab(d)
        let v1 := address_decode_decode__Sol_SolDecoder_CallData___828c6f2e3bda3cab(d)
        let v2 := mload(0x40)
        if iszero(v2) {
          v2 := 0x80
        }
        mstore(0x40, add(v2, 64))
        let v3 := v0
        mstore(v2, mload(v3))
        let v4 := v1
        mstore(add(v2, 32), mload(v4))
        ret := v2
        leave
      }
      function _t0__t1__decode_decode__Sol_Address_u256_SolDecoder_CallData___25b1373fd1f61181(d) -> ret {
        let v0 := address_decode_decode__Sol_SolDecoder_CallData___828c6f2e3bda3cab(d)
        let v1 := u256_decode_decode__Sol_SolDecoder_CallData___828c6f2e3bda3cab(d)
        let v2 := mload(0x40)
        if iszero(v2) {
          v2 := 0x80
        }
        mstore(0x40, add(v2, 64))
        let v3 := v0
        mstore(v2, mload(v3))
        mstore(add(v2, 32), v1)
        ret := v2
        leave
      }
      function _t0__t1__t2__decode_decode__Sol_Address_Address_u256_SolDecoder_CallData___da321e92055b22cd(d) -> ret {
        let v0 := address_decode_decode__Sol_SolDecoder_CallData___828c6f2e3bda3cab(d)
        let v1 := address_decode_decode__Sol_SolDecoder_CallData___828c6f2e3bda3cab(d)
        let v2 := u256_decode_decode__Sol_SolDecoder_CallData___828c6f2e3bda3cab(d)
        let v3 := mload(0x40)
        if iszero(v3) {
          v3 := 0x80
        }
        mstore(0x40, add(v3, 96))
        let v4 := v0
        mstore(v3, mload(v4))
        let v5 := v1
        mstore(add(v3, 32), mload(v5))
        mstore(add(v3, 64), v2)
        ret := v3
        leave
      }
      function accesscontrol_require_stor(self, role, ctx) {
        let v0 := caller()
        let v1 := mload(0x40)
        if iszero(v1) {
          v1 := 0x80
        }
        mstore(0x40, add(v1, 64))
        mstore(v1, role)
        let v2 := v0
        mstore(add(v1, 32), mload(v2))
        let v3 := storagemap_k__v__get_stor___u256__Address__bool__ac1f217814dd9c46(self, v1)
        assert(eq(v3, 1))
        leave
      }
      function address_decode_decode__Sol_SolDecoder_CallData___828c6f2e3bda3cab(d) -> ret {
        let v0 := soldecoder_i__abidecoder_read_word__CallData__b9ab8dc8a4b2f9e(d)
        let v1 := mload(0x40)
        if iszero(v1) {
          v1 := 0x80
        }
        mstore(0x40, add(v1, 32))
        mstore(v1, v0)
        ret := v1
        leave
      }
      function address_storagekey_write_key(ptr, self) -> ret {
        let v0 := mload(self)
        let v1 := u256_storagekey_write_key(ptr, v0)
        ret := v1
        leave
      }
      function address_zero() -> ret {
        let v0 := mload(0x40)
        if iszero(v0) {
          v0 := 0x80
        }
        mstore(0x40, add(v0, 32))
        mstore(v0, 0)
        ret := v0
        leave
      }
      function alloc(size) -> ret {
        let v0 := mload(64)
        let v1 := eq(v0, 0)
        if v1 {
          v0 := 128
        }
        mstore(64, add(v0, size))
        ret := v0
        leave
      }
      function approve(owner, spender, amount, store, log) {
        let v0 := address_zero()
        assert(iszero(eq(owner, v0)))
        let v1 := address_zero()
        assert(iszero(eq(spender, v1)))
        let v2 := mload(0x40)
        if iszero(v2) {
          v2 := 0x80
        }
        mstore(0x40, add(v2, 64))
        let v3 := owner
        mstore(v2, mload(v3))
        let v4 := spender
        mstore(add(v2, 32), mload(v4))
        storagemap_k__v__set_stor___Address__Address__u256__380d6b10c386a4ee(add(store, 2), v2, amount)
        let v5 := mload(0x40)
        if iszero(v5) {
          v5 := 0x80
        }
        mstore(0x40, add(v5, 96))
        let v6 := owner
        mstore(v5, mload(v6))
        let v7 := spender
        mstore(add(v5, 32), mload(v7))
        mstore(add(v5, 64), amount)
        log_emit_stor__ApprovalEvent__6cbed5fbaac6c5ee(log, v5)
        leave
      }
      function assert(b) {
        let v0 := iszero(b)
        if v0 {
          revert(0, 0)
        }
        leave
      }
      function bool_encode_encode__Sol_SolEncoder__dce63ad1a1fe4ae2(self, e) {
        let v0 := self
        if v0 {
          solencoder_abiencoder_write_word(e, 1)
        }
        if iszero(v0) {
          solencoder_abiencoder_write_word(e, 0)
        }
        leave
      }
      function bool_wordrepr_from_word(word) -> ret {
        ret := iszero(eq(word, 0))
        leave
      }
      function burn(from, amount, store, log) {
        let v0 := address_zero()
        assert(iszero(eq(from, v0)))
        let v1 := storagemap_k__v__get_stor__Address_u256__cdd966cb4c9acb9d(add(store, 1), from)
        assert(iszero(lt(v1, amount)))
        storagemap_k__v__set_stor__Address_u256__cdd966cb4c9acb9d(add(store, 1), from, sub(v1, amount))
        let v2 := address_zero()
        let v3 := mload(0x40)
        if iszero(v3) {
          v3 := 0x80
        }
        mstore(0x40, add(v3, 96))
        let v4 := from
        mstore(v3, mload(v4))
        let v5 := v2
        mstore(add(v3, 32), mload(v5))
        mstore(add(v3, 64), amount)
        log_emit_stor__TransferEvent__3286f1804ad8a121(log, v3)
        leave
      }
      function calldata_byteinput_word_at(self, byte_offset) -> ret {
        let v0 := calldataload(byte_offset)
        ret := v0
        leave
      }
      function cursor_i__fork_mem__CallData__b9ab8dc8a4b2f9e(self, pos) -> ret {
        pop(self)
        let v0 := mload(0x40)
        if iszero(v0) {
          v0 := 0x80
        }
        mstore(0x40, add(v0, 32))
        pop(v0)
        mstore(v0, pos)
        let v1 := v0
        ret := v1
        leave
      }
      function cursor_i__new__CallData__b9ab8dc8a4b2f9e(input) -> ret {
        let v0 := mload(0x40)
        if iszero(v0) {
          v0 := 0x80
        }
        mstore(0x40, add(v0, 32))
        pop(v0)
        mstore(v0, 0)
        let v1 := v0
        ret := v1
        leave
      }
      function cursor_i__read_word_mem__CallData__b9ab8dc8a4b2f9e(self) -> ret {
        pop(self)
        let v0 := mload(self)
        let v1 := calldata_byteinput_word_at(0, v0)
        let v2 := mload(self)
        mstore(self, add(v2, 32))
        ret := v1
        leave
      }
      function log_emit_stor__ApprovalEvent__6cbed5fbaac6c5ee(self, event) {
        todo()
        leave
      }
      function log_emit_stor__TransferEvent__3286f1804ad8a121(self, event) {
        todo()
        leave
      }
      function mint(to, amount, store, log) {
        let v0 := address_zero()
        assert(iszero(eq(to, v0)))
        let v1 := storagemap_k__v__get_stor__Address_u256__cdd966cb4c9acb9d(add(store, 1), to)
        storagemap_k__v__set_stor__Address_u256__cdd966cb4c9acb9d(add(store, 1), to, add(v1, amount))
        let v2 := address_zero()
        let v3 := mload(0x40)
        if iszero(v3) {
          v3 := 0x80
        }
        mstore(0x40, add(v3, 96))
        let v4 := v2
        mstore(v3, mload(v4))
        let v5 := to
        mstore(add(v3, 32), mload(v5))
        mstore(add(v3, 64), amount)
        log_emit_stor__TransferEvent__3286f1804ad8a121(log, v3)
        leave
      }
      function recv_Erc20Extended_BurnFrom_1_2(args, ctx, store, log) -> ret {
        let v0 := args
        let v1 := mload(add(args, 32))
        let v2 := caller()
        spend_allowance(v0, v2, v1, store)
        burn(v0, v1, store, log)
        ret := 1
        leave
      }
      function recv_Erc20Extended_Burn_1_1(args, ctx, store, log) -> ret {
        let v0 := mload(args)
        let v1 := caller()
        burn(v1, v0, store, log)
        ret := 1
        leave
      }
      function recv_Erc20Extended_DecreaseAllowance_1_4(args, ctx, store, log) -> ret {
        let v0 := args
        let v1 := mload(add(args, 32))
        let v2 := caller()
        let v3 := mload(0x40)
        if iszero(v3) {
          v3 := 0x80
        }
        mstore(0x40, add(v3, 64))
        let v4 := v2
        mstore(v3, mload(v4))
        let v5 := v0
        mstore(add(v3, 32), mload(v5))
        let v6 := storagemap_k__v__get_stor___Address__Address__u256__380d6b10c386a4ee(add(store, 2), v3)
        assert(iszero(lt(v6, v1)))
        approve(v2, v0, sub(v6, v1), store, log)
        ret := 1
        leave
      }
      function recv_Erc20Extended_IncreaseAllowance_1_3(args, ctx, store, log) -> ret {
        let v0 := args
        let v1 := mload(add(args, 32))
        let v2 := caller()
        let v3 := mload(0x40)
        if iszero(v3) {
          v3 := 0x80
        }
        mstore(0x40, add(v3, 64))
        let v4 := v2
        mstore(v3, mload(v4))
        let v5 := v0
        mstore(add(v3, 32), mload(v5))
        let v6 := storagemap_k__v__get_stor___Address__Address__u256__380d6b10c386a4ee(add(store, 2), v3)
        approve(v2, v0, add(v6, v1), store, log)
        ret := 1
        leave
      }
      function recv_Erc20Extended_Mint_1_0(args, ctx, store, log, auth) -> ret {
        let v0 := args
        let v1 := mload(add(args, 32))
        accesscontrol_require_stor(auth, 1, ctx)
        mint(v0, v1, store, log)
        ret := 1
        leave
      }
      function recv_Erc20_Allowance_0_4(args, store) -> ret {
        let v0 := args
        let v1 := add(args, 32)
        let v2 := mload(0x40)
        if iszero(v2) {
          v2 := 0x80
        }
        mstore(0x40, add(v2, 64))
        let v3 := v0
        mstore(v2, mload(v3))
        let v4 := v1
        mstore(add(v2, 32), mload(v4))
        let v5 := storagemap_k__v__get_stor___Address__Address__u256__380d6b10c386a4ee(add(store, 2), v2)
        ret := v5
        leave
      }
      function recv_Erc20_Approve_0_1(args, ctx, store, log) -> ret {
        let v0 := args
        let v1 := mload(add(args, 32))
        let v2 := caller()
        approve(v2, v0, v1, store, log)
        ret := 1
        leave
      }
      function recv_Erc20_BalanceOf_0_3(args, store) -> ret {
        let v0 := args
        let v1 := storagemap_k__v__get_stor__Address_u256__cdd966cb4c9acb9d(add(store, 1), v0)
        ret := v1
        leave
      }
      function recv_Erc20_Decimals_0_8(args) -> ret {
        ret := 18
        leave
      }
      function recv_Erc20_Name_0_6(args) -> ret {
        ret := 0x436f6f6c436f696e
        leave
      }
      function recv_Erc20_Symbol_0_7(args) -> ret {
        ret := 0x434f4f4c
        leave
      }
      function recv_Erc20_TotalSupply_0_5(args, store) -> ret {
        let v0 := sload(store)
        ret := v0
        leave
      }
      function recv_Erc20_TransferFrom_0_2(args, ctx, store, log) -> ret {
        let v0 := args
        let v1 := add(args, 32)
        let v2 := mload(add(args, 64))
        let v3 := caller()
        spend_allowance(v0, v3, v2, store)
        transfer(v0, v1, v2, store, log)
        ret := 1
        leave
      }
      function recv_Erc20_Transfer_0_0(args, ctx, store, log) -> ret {
        let v0 := args
        let v1 := mload(add(args, 32))
        let v2 := caller()
        transfer(v2, v0, v1, store, log)
        ret := 1
        leave
      }
      function runtime() {
        let v0 := 0
        let v1 := 0
        let v2 := 0
        let v3 := stor_ptr__Evm_TokenStore__f6aa99d6ecaccf30(v2, 0)
        let v4 := stor_ptr__Evm_AccessControl__9eae422fa78e0dfe(v2, 3)
        let v5 := calldatasize()
        let v6 := lt(v5, 4)
        if v6 {
          revert(0, 0)
        }
        let v7 := calldataload(0)
        let v8 := sol_abi_selector_from_prefix(v7)
        switch v8
          case 2835717307 {
            let v9 := soldecoder_i__with_base__CallData__b9ab8dc8a4b2f9e(0, 4)
            let v10 := calldatasize()
            let v11 := lt(v10, add(4, 64))
            if v11 {
              revert(0, 0)
            }
            let v12 := _t0__t1__decode_decode__Sol_Address_u256_SolDecoder_CallData___25b1373fd1f61181(v9)
            let v13 := v0
            let v14 := v3
            let v15 := recv_Erc20_Transfer_0_0(v12, v13, v14, v1)
            let v16 := v15
            let v17 := solencoder_new()
            let v18 := solencoder_abiencoder_reserve_head(v17, 32)
            pop(v18)
            bool_encode_encode__Sol_SolEncoder__dce63ad1a1fe4ae2(v16, v17)
            let v19 := solencoder_abiencoder_finish(v17)
            let v20 := mload(v19)
            let v21 := mload(add(v19, 32))
            return(v20, v21)
          }
          case 157198259 {
            let v22 := soldecoder_i__with_base__CallData__b9ab8dc8a4b2f9e(0, 4)
            let v23 := calldatasize()
            let v24 := lt(v23, add(4, 64))
            if v24 {
              revert(0, 0)
            }
            let v25 := _t0__t1__decode_decode__Sol_Address_u256_SolDecoder_CallData___25b1373fd1f61181(v22)
            let v26 := v0
            let v27 := v3
            let v28 := recv_Erc20_Approve_0_1(v25, v26, v27, v1)
            let v29 := v28
            let v30 := solencoder_new()
            let v31 := solencoder_abiencoder_reserve_head(v30, 32)
            pop(v31)
            bool_encode_encode__Sol_SolEncoder__dce63ad1a1fe4ae2(v29, v30)
            let v32 := solencoder_abiencoder_finish(v30)
            let v33 := mload(v32)
            let v34 := mload(add(v32, 32))
            return(v33, v34)
          }
          case 599290589 {
            let v35 := soldecoder_i__with_base__CallData__b9ab8dc8a4b2f9e(0, 4)
            let v36 := calldatasize()
            let v37 := lt(v36, add(4, 96))
            if v37 {
              revert(0, 0)
            }
            let v38 := _t0__t1__t2__decode_decode__Sol_Address_Address_u256_SolDecoder_CallData___da321e92055b22cd(v35)
            let v39 := v0
            let v40 := v3
            let v41 := recv_Erc20_TransferFrom_0_2(v38, v39, v40, v1)
            let v42 := v41
            let v43 := solencoder_new()
            let v44 := solencoder_abiencoder_reserve_head(v43, 32)
            pop(v44)
            bool_encode_encode__Sol_SolEncoder__dce63ad1a1fe4ae2(v42, v43)
            let v45 := solencoder_abiencoder_finish(v43)
            let v46 := mload(v45)
            let v47 := mload(add(v45, 32))
            return(v46, v47)
          }
          case 1889567281 {
            let v48 := soldecoder_i__with_base__CallData__b9ab8dc8a4b2f9e(0, 4)
            let v49 := calldatasize()
            let v50 := lt(v49, add(4, 32))
            if v50 {
              revert(0, 0)
            }
            let v51 := _t0__decode_decode__Sol_Address_SolDecoder_CallData___c3cd70daebc6e8b9(v48)
            let v52 := v3
            let v53 := recv_Erc20_BalanceOf_0_3(v51, v52)
            let v54 := v53
            let v55 := solencoder_new()
            let v56 := solencoder_abiencoder_reserve_head(v55, 32)
            pop(v56)
            u256_encode_encode__Sol_SolEncoder__dce63ad1a1fe4ae2(v54, v55)
            let v57 := solencoder_abiencoder_finish(v55)
            let v58 := mload(v57)
            let v59 := mload(add(v57, 32))
            return(v58, v59)
          }
          case 3714247998 {
            let v60 := soldecoder_i__with_base__CallData__b9ab8dc8a4b2f9e(0, 4)
            let v61 := calldatasize()
            let v62 := lt(v61, add(4, 64))
            if v62 {
              revert(0, 0)
            }
            let v63 := _t0__t1__decode_decode__Sol_Address_Address_SolDecoder_CallData___7ed19c3f9fd70917(v60)
            let v64 := v3
            let v65 := recv_Erc20_Allowance_0_4(v63, v64)
            let v66 := v65
            let v67 := solencoder_new()
            let v68 := solencoder_abiencoder_reserve_head(v67, 32)
            pop(v68)
            u256_encode_encode__Sol_SolEncoder__dce63ad1a1fe4ae2(v66, v67)
            let v69 := solencoder_abiencoder_finish(v67)
            let v70 := mload(v69)
            let v71 := mload(add(v69, 32))
            return(v70, v71)
          }
          case 404098525 {
            let v72 := soldecoder_i__with_base__CallData__b9ab8dc8a4b2f9e(0, 4)
            let v73 := calldatasize()
            let v74 := lt(v73, add(4, 0))
            if v74 {
              revert(0, 0)
            }
            ___decode_decode__Sol_SolDecoder_CallData___828c6f2e3bda3cab(v72)
            let v75 := v3
            let v76 := recv_Erc20_TotalSupply_0_5(0, v75)
            let v77 := v76
            let v78 := solencoder_new()
            let v79 := solencoder_abiencoder_reserve_head(v78, 32)
            pop(v79)
            u256_encode_encode__Sol_SolEncoder__dce63ad1a1fe4ae2(v77, v78)
            let v80 := solencoder_abiencoder_finish(v78)
            let v81 := mload(v80)
            let v82 := mload(add(v80, 32))
            return(v81, v82)
          }
          case 117300739 {
            let v83 := soldecoder_i__with_base__CallData__b9ab8dc8a4b2f9e(0, 4)
            let v84 := calldatasize()
            let v85 := lt(v84, add(4, 0))
            if v85 {
              revert(0, 0)
            }
            ___decode_decode__Sol_SolDecoder_CallData___828c6f2e3bda3cab(v83)
            let v86 := recv_Erc20_Name_0_6(0)
            let v87 := solencoder_new()
            let v88 := solencoder_abiencoder_reserve_head(v87, 32)
            pop(v88)
            string_const_n__usize__encode_encode__Sol_32_SolEncoder__85bcb27fa2f25e8f(v86, v87)
            let v89 := solencoder_abiencoder_finish(v87)
            let v90 := mload(v89)
            let v91 := mload(add(v89, 32))
            return(v90, v91)
          }
          case 2514000705 {
            let v92 := soldecoder_i__with_base__CallData__b9ab8dc8a4b2f9e(0, 4)
            let v93 := calldatasize()
            let v94 := lt(v93, add(4, 0))
            if v94 {
              revert(0, 0)
            }
            ___decode_decode__Sol_SolDecoder_CallData___828c6f2e3bda3cab(v92)
            let v95 := recv_Erc20_Symbol_0_7(0)
            let v96 := solencoder_new()
            let v97 := solencoder_abiencoder_reserve_head(v96, 32)
            pop(v97)
            string_const_n__usize__encode_encode__Sol_32_SolEncoder__85bcb27fa2f25e8f(v95, v96)
            let v98 := solencoder_abiencoder_finish(v96)
            let v99 := mload(v98)
            let v100 := mload(add(v98, 32))
            return(v99, v100)
          }
          case 826074471 {
            let v101 := soldecoder_i__with_base__CallData__b9ab8dc8a4b2f9e(0, 4)
            let v102 := calldatasize()
            let v103 := lt(v102, add(4, 0))
            if v103 {
              revert(0, 0)
            }
            ___decode_decode__Sol_SolDecoder_CallData___828c6f2e3bda3cab(v101)
            let v104 := recv_Erc20_Decimals_0_8(0)
            let v105 := solencoder_new()
            let v106 := solencoder_abiencoder_reserve_head(v105, 32)
            pop(v106)
            u8_encode_encode__Sol_SolEncoder__dce63ad1a1fe4ae2(v104, v105)
            let v107 := solencoder_abiencoder_finish(v105)
            let v108 := mload(v107)
            let v109 := mload(add(v107, 32))
            return(v108, v109)
          }
          case 1086394137 {
            let v110 := soldecoder_i__with_base__CallData__b9ab8dc8a4b2f9e(0, 4)
            let v111 := calldatasize()
            let v112 := lt(v111, add(4, 64))
            if v112 {
              revert(0, 0)
            }
            let v113 := _t0__t1__decode_decode__Sol_Address_u256_SolDecoder_CallData___25b1373fd1f61181(v110)
            let v114 := v0
            let v115 := v3
            let v116 := v4
            let v117 := recv_Erc20Extended_Mint_1_0(v113, v114, v115, v1, v116)
            let v118 := v117
            let v119 := solencoder_new()
            let v120 := solencoder_abiencoder_reserve_head(v119, 32)
            pop(v120)
            bool_encode_encode__Sol_SolEncoder__dce63ad1a1fe4ae2(v118, v119)
            let v121 := solencoder_abiencoder_finish(v119)
            let v122 := mload(v121)
            let v123 := mload(add(v121, 32))
            return(v122, v123)
          }
          case 1117154408 {
            let v124 := soldecoder_i__with_base__CallData__b9ab8dc8a4b2f9e(0, 4)
            let v125 := calldatasize()
            let v126 := lt(v125, add(4, 32))
            if v126 {
              revert(0, 0)
            }
            let v127 := _t0__decode_decode__Sol_u256_SolDecoder_CallData___51fc2f6931ec5edc(v124)
            let v128 := v0
            let v129 := v3
            let v130 := recv_Erc20Extended_Burn_1_1(v127, v128, v129, v1)
            let v131 := v130
            let v132 := solencoder_new()
            let v133 := solencoder_abiencoder_reserve_head(v132, 32)
            pop(v133)
            bool_encode_encode__Sol_SolEncoder__dce63ad1a1fe4ae2(v131, v132)
            let v134 := solencoder_abiencoder_finish(v132)
            let v135 := mload(v134)
            let v136 := mload(add(v134, 32))
            return(v135, v136)
          }
          case 2043438992 {
            let v137 := soldecoder_i__with_base__CallData__b9ab8dc8a4b2f9e(0, 4)
            let v138 := calldatasize()
            let v139 := lt(v138, add(4, 64))
            if v139 {
              revert(0, 0)
            }
            let v140 := _t0__t1__decode_decode__Sol_Address_u256_SolDecoder_CallData___25b1373fd1f61181(v137)
            let v141 := v0
            let v142 := v3
            let v143 := recv_Erc20Extended_BurnFrom_1_2(v140, v141, v142, v1)
            let v144 := v143
            let v145 := solencoder_new()
            let v146 := solencoder_abiencoder_reserve_head(v145, 32)
            pop(v146)
            bool_encode_encode__Sol_SolEncoder__dce63ad1a1fe4ae2(v144, v145)
            let v147 := solencoder_abiencoder_finish(v145)
            let v148 := mload(v147)
            let v149 := mload(add(v147, 32))
            return(v148, v149)
          }
          case 961581905 {
            let v150 := soldecoder_i__with_base__CallData__b9ab8dc8a4b2f9e(0, 4)
            let v151 := calldatasize()
            let v152 := lt(v151, add(4, 64))
            if v152 {
              revert(0, 0)
            }
            let v153 := _t0__t1__decode_decode__Sol_Address_u256_SolDecoder_CallData___25b1373fd1f61181(v150)
            let v154 := v0
            let v155 := v3
            let v156 := recv_Erc20Extended_IncreaseAllowance_1_3(v153, v154, v155, v1)
            let v157 := v156
            let v158 := solencoder_new()
            let v159 := solencoder_abiencoder_reserve_head(v158, 32)
            pop(v159)
            bool_encode_encode__Sol_SolEncoder__dce63ad1a1fe4ae2(v157, v158)
            let v160 := solencoder_abiencoder_finish(v158)
            let v161 := mload(v160)
            let v162 := mload(add(v160, 32))
            return(v161, v162)
          }
          case 2757214935 {
            let v163 := soldecoder_i__with_base__CallData__b9ab8dc8a4b2f9e(0, 4)
            let v164 := calldatasize()
            let v165 := lt(v164, add(4, 64))
            if v165 {
              revert(0, 0)
            }
            let v166 := _t0__t1__decode_decode__Sol_Address_u256_SolDecoder_CallData___25b1373fd1f61181(v163)
            let v167 := v0
            let v168 := v3
            let v169 := recv_Erc20Extended_DecreaseAllowance_1_4(v166, v167, v168, v1)
            let v170 := v169
            let v171 := solencoder_new()
            let v172 := solencoder_abiencoder_reserve_head(v171, 32)
            pop(v172)
            bool_encode_encode__Sol_SolEncoder__dce63ad1a1fe4ae2(v170, v171)
            let v173 := solencoder_abiencoder_finish(v171)
            let v174 := mload(v173)
            let v175 := mload(add(v173, 32))
            return(v174, v175)
          }
          default {
            revert(0, 0)
          }
      }
      function sol_abi_selector_from_prefix(prefix) -> ret {
        let v0 := shr(224, prefix)
        ret := v0
        leave
      }
      function soldecoder_i__abidecoder_read_word__CallData__b9ab8dc8a4b2f9e(self) -> ret {
        let v0 := cursor_i__read_word_mem__CallData__b9ab8dc8a4b2f9e(self)
        ret := v0
        leave
      }
      function soldecoder_i__with_base__CallData__b9ab8dc8a4b2f9e(input, base) -> ret {
        let v0 := cursor_i__new__CallData__b9ab8dc8a4b2f9e(input)
        let v1 := cursor_i__fork_mem__CallData__b9ab8dc8a4b2f9e(v0, base)
        let v2 := mload(0x40)
        if iszero(v2) {
          v2 := 0x80
        }
        mstore(0x40, add(v2, 64))
        let v3 := v1
        mstore(v2, mload(v3))
        mstore(add(v2, 32), base)
        let v4 := v2
        ret := v4
        leave
      }
      function solencoder_abiencoder_finish(self) -> ret {
        let v0 := mload(self)
        let v1 := mload(add(self, 64))
        let v2 := mload(0x40)
        if iszero(v2) {
          v2 := 0x80
        }
        mstore(0x40, add(v2, 64))
        mstore(v2, v0)
        mstore(add(v2, 32), sub(v1, v0))
        ret := v2
        leave
      }
      function solencoder_abiencoder_reserve_head(self, bytes) -> ret {
        solencoder_ensure_init_mem(self, bytes)
        let v0 := mload(self)
        ret := v0
        leave
      }
      function solencoder_abiencoder_write_word(self, v) {
        let v0 := mload(add(self, 32))
        mstore(v0, v)
        mstore(add(self, 32), add(v0, 32))
        leave
      }
      function solencoder_ensure_init_mem(self, bytes) {
        let v0 := mload(self)
        let v1 := eq(v0, 0)
        if v1 {
          let v2 := alloc(bytes)
          mstore(self, v2)
          mstore(add(self, 32), v2)
          mstore(add(self, 64), add(v2, bytes))
        }
        leave
      }
      function solencoder_new() -> ret {
        let v0 := mload(0x40)
        if iszero(v0) {
          v0 := 0x80
        }
        mstore(0x40, add(v0, 96))
        mstore(v0, 0)
        mstore(add(v0, 32), 0)
        mstore(add(v0, 64), 0)
        let v1 := v0
        ret := v1
        leave
      }
      function spend_allowance(owner, spender, amount, store) {
        let v0 := mload(0x40)
        if iszero(v0) {
          v0 := 0x80
        }
        mstore(0x40, add(v0, 64))
        let v1 := owner
        mstore(v0, mload(v1))
        let v2 := spender
        mstore(add(v0, 32), mload(v2))
        let v3 := storagemap_k__v__get_stor___Address__Address__u256__380d6b10c386a4ee(add(store, 2), v0)
        assert(iszero(lt(v3, amount)))
        let v4 := mload(0x40)
        if iszero(v4) {
          v4 := 0x80
        }
        mstore(0x40, add(v4, 64))
        let v5 := owner
        mstore(v4, mload(v5))
        let v6 := spender
        mstore(add(v4, 32), mload(v6))
        storagemap_k__v__set_stor___Address__Address__u256__380d6b10c386a4ee(add(store, 2), v4, sub(v3, amount))
        leave
      }
      function stor_ptr__Evm_AccessControl__9eae422fa78e0dfe(self, slot) -> ret {
        let v0 := slot
        ret := v0
        leave
      }
      function stor_ptr__Evm_TokenStore__f6aa99d6ecaccf30(self, slot) -> ret {
        let v0 := slot
        ret := v0
        leave
      }
      function storagemap_k__v__get_stor__Address_u256__cdd966cb4c9acb9d(self, key) -> ret {
        let v0 := storagemap_k__v__storage_slot_stor__Address_u256__cdd966cb4c9acb9d(self, key)
        let v1 := sload(v0)
        let v2 := u256_wordrepr_from_word(v1)
        ret := v2
        leave
      }
      function storagemap_k__v__get_stor___Address__Address__u256__380d6b10c386a4ee(self, key) -> ret {
        let v0 := storagemap_k__v__storage_slot_stor___Address__Address__u256__380d6b10c386a4ee(self, key)
        let v1 := sload(v0)
        let v2 := u256_wordrepr_from_word(v1)
        ret := v2
        leave
      }
      function storagemap_k__v__get_stor___u256__Address__bool__ac1f217814dd9c46(self, key) -> ret {
        let v0 := storagemap_k__v__storage_slot_stor___u256__Address__bool__ac1f217814dd9c46(self, key)
        let v1 := sload(v0)
        let v2 := bool_wordrepr_from_word(v1)
        ret := v2
        leave
      }
      function storagemap_k__v__set_stor__Address_u256__cdd966cb4c9acb9d(self, key, value) {
        let v0 := storagemap_k__v__storage_slot_stor__Address_u256__cdd966cb4c9acb9d(self, key)
        let v1 := u256_wordrepr_to_word(value)
        sstore(v0, v1)
        leave
      }
      function storagemap_k__v__set_stor___Address__Address__u256__380d6b10c386a4ee(self, key, value) {
        let v0 := storagemap_k__v__storage_slot_stor___Address__Address__u256__380d6b10c386a4ee(self, key)
        let v1 := u256_wordrepr_to_word(value)
        sstore(v0, v1)
        leave
      }
      function storagemap_k__v__storage_slot_stor__Address_u256__cdd966cb4c9acb9d(self, key) -> ret {
        let v0 := address_storagekey_write_key(0, key)
        let v1 := self
        mstore(v0, v1)
        let v2 := keccak256(0, add(v0, 32))
        ret := v2
        leave
      }
      function storagemap_k__v__storage_slot_stor___Address__Address__u256__380d6b10c386a4ee(self, key) -> ret {
        let v0 := _a__b__storagekey_write_key__Address_Address__397b9a625a435b6f(0, key)
        let v1 := self
        mstore(v0, v1)
        let v2 := keccak256(0, add(v0, 32))
        ret := v2
        leave
      }
      function storagemap_k__v__storage_slot_stor___u256__Address__bool__ac1f217814dd9c46(self, key) -> ret {
        let v0 := _a__b__storagekey_write_key__u256_Address__1ae3ad2a1b729a8b(0, key)
        let v1 := self
        mstore(v0, v1)
        let v2 := keccak256(0, add(v0, 32))
        ret := v2
        leave
      }
      function string_const_n__usize__encode_encode__Sol_32_SolEncoder__85bcb27fa2f25e8f(self, e) {
        todo()
        leave
      }
      function transfer(from, to, amount, store, log) {
        let v0 := address_zero()
        assert(iszero(eq(from, v0)))
        let v1 := address_zero()
        assert(iszero(eq(to, v1)))
        let v2 := storagemap_k__v__get_stor__Address_u256__cdd966cb4c9acb9d(add(store, 1), from)
        assert(iszero(lt(v2, amount)))
        storagemap_k__v__set_stor__Address_u256__cdd966cb4c9acb9d(add(store, 1), from, sub(v2, amount))
        let v3 := storagemap_k__v__get_stor__Address_u256__cdd966cb4c9acb9d(add(store, 1), to)
        storagemap_k__v__set_stor__Address_u256__cdd966cb4c9acb9d(add(store, 1), to, add(v3, amount))
        let v4 := mload(0x40)
        if iszero(v4) {
          v4 := 0x80
        }
        mstore(0x40, add(v4, 96))
        let v5 := from
        mstore(v4, mload(v5))
        let v6 := to
        mstore(add(v4, 32), mload(v6))
        mstore(add(v4, 64), amount)
        log_emit_stor__TransferEvent__3286f1804ad8a121(log, v4)
        leave
      }
      function u256_decode_decode__Sol_SolDecoder_CallData___828c6f2e3bda3cab(d) -> ret {
        let v0 := soldecoder_i__abidecoder_read_word__CallData__b9ab8dc8a4b2f9e(d)
        ret := v0
        leave
      }
      function u256_encode_encode__Sol_SolEncoder__dce63ad1a1fe4ae2(self, e) {
        solencoder_abiencoder_write_word(e, self)
        leave
      }
      function u256_storagekey_write_key(ptr, self) -> ret {
        mstore(ptr, self)
        ret := 32
        leave
      }
      function u256_wordrepr_from_word(word) -> ret {
        ret := word
        leave
      }
      function u256_wordrepr_to_word(self) -> ret {
        ret := self
        leave
      }
      function u8_encode_encode__Sol_SolEncoder__dce63ad1a1fe4ae2(self, e) {
        let v0 := self
        solencoder_abiencoder_write_word(e, v0)
        leave
      }
      runtime()
      return(0, 0)
    }
  }
}
