---
source: crates/codegen/tests/yul.rs
expression: output
input_file: tests/fixtures/erc20.fe
---
object "CoolCoin" {
  code {
    function _a__b__storagekey_write_key__u256_Address__1ae3ad2a1b729a8b(ptr, self) -> ret {
      let v0 := mload(self)
      let v1 := add(self, 32)
      let v2 := u256_storagekey_write_key(ptr, v0)
      let v3 := address_storagekey_write_key(add(ptr, v2), v1)
      ret := add(v2, v3)
      leave
    }
    function accesscontrol_grant_stor(self, role, to) {
      let v0 := mload(0x40)
      if iszero(v0) {
        v0 := 0x80
      }
      mstore(0x40, add(v0, 64))
      mstore(v0, role)
      let v1 := to
      mstore(add(v0, 32), mload(v1))
      storagemap_k__v__set_stor___u256__Address__bool__ac1f217814dd9c46(self, v0, 1)
      leave
    }
    function address_decode_decode__Sol_SolDecoder_CallData___828c6f2e3bda3cab(d) -> ret {
      let v0 := soldecoder_i__abidecoder_read_word__CallData__b9ab8dc8a4b2f9e(d)
      let v1 := mload(0x40)
      if iszero(v1) {
        v1 := 0x80
      }
      mstore(0x40, add(v1, 32))
      mstore(v1, v0)
      ret := v1
      leave
    }
    function address_storagekey_write_key(ptr, self) -> ret {
      let v0 := mload(self)
      let v1 := u256_storagekey_write_key(ptr, v0)
      ret := v1
      leave
    }
    function address_zero() -> ret {
      let v0 := mload(0x40)
      if iszero(v0) {
        v0 := 0x80
      }
      mstore(0x40, add(v0, 32))
      mstore(v0, 0)
      ret := v0
      leave
    }
    function assert(b) {
      let v0 := iszero(b)
      if v0 {
        revert(0, 0)
      }
      leave
    }
    function bool_wordrepr_to_word(self) -> ret {
      let v0 := 0
      switch self
        case 1 {
          v0 := 1
        }
        case 0 {
          v0 := 0
        }
        default {
          v0 := 0
        }
      ret := v0
      leave
    }
    function calldata_byteinput_word_at(self, byte_offset) -> ret {
      let v0 := calldataload(byte_offset)
      ret := v0
      leave
    }
    function cursor_i__new__CallData__b9ab8dc8a4b2f9e(input) -> ret {
      let v0 := mload(0x40)
      if iszero(v0) {
        v0 := 0x80
      }
      mstore(0x40, add(v0, 32))
      pop(v0)
      mstore(v0, 0)
      let v1 := v0
      ret := v1
      leave
    }
    function cursor_i__read_word_mem__CallData__b9ab8dc8a4b2f9e(self) -> ret {
      pop(self)
      let v0 := mload(self)
      let v1 := calldata_byteinput_word_at(0, v0)
      let v2 := mload(self)
      mstore(self, add(v2, 32))
      ret := v1
      leave
    }
    function emit__log__Log_TransferEvent__41b584f23318b0be(self, event) {
      todo()
      leave
    }
    function init() {
      let v0 := stor_ptr__Evm_TokenStore__f6aa99d6ecaccf30(0, 0)
      let v1 := stor_ptr__Evm_AccessControl__9eae422fa78e0dfe(0, 3)
      let v2 := soldecoder_i__new__CallData__b9ab8dc8a4b2f9e(0)
      let v3 := calldatasize()
      let v4 := lt(v3, add(32, 32))
      if v4 {
        revert(0, 0)
      }
      let v5 := u256_decode_decode__Sol_SolDecoder_CallData___828c6f2e3bda3cab(v2)
      let v6 := address_decode_decode__Sol_SolDecoder_CallData___828c6f2e3bda3cab(v2)
      let v7 := v0
      let v8 := v1
      init_contract(v5, v6, v7, v8, 0, 0)
      let v9 := datasize("CoolCoin_deployed")
      let v10 := dataoffset("CoolCoin_deployed")
      codecopy(0, v10, v9)
      return(0, v9)
    }
    function init_contract(initial_supply, owner, store, auth, ctx, log) {
      accesscontrol_grant_stor(auth, 1, owner)
      accesscontrol_grant_stor(auth, 2, owner)
      let v0 := gt(initial_supply, 0)
      if v0 {
        mint(owner, initial_supply, store, log)
      }
      leave
    }
    function mint(to, amount, store, log) {
      let v0 := address_zero()
      assert(iszero(eq(to, v0)))
      let v1 := storagemap_k__v__get_stor__Address_u256__cdd966cb4c9acb9d(add(store, 1), to)
      storagemap_k__v__set_stor__Address_u256__cdd966cb4c9acb9d(add(store, 1), to, add(v1, amount))
      let v2 := address_zero()
      let v3 := mload(0x40)
      if iszero(v3) {
        v3 := 0x80
      }
      mstore(0x40, add(v3, 96))
      let v4 := v2
      mstore(v3, mload(v4))
      let v5 := to
      mstore(add(v3, 32), mload(v5))
      mstore(add(v3, 64), amount)
      emit__log__Log_TransferEvent__41b584f23318b0be(log, v3)
      leave
    }
    function soldecoder_i__abidecoder_read_word__CallData__b9ab8dc8a4b2f9e(self) -> ret {
      let v0 := cursor_i__read_word_mem__CallData__b9ab8dc8a4b2f9e(self)
      ret := v0
      leave
    }
    function soldecoder_i__new__CallData__b9ab8dc8a4b2f9e(input) -> ret {
      let v0 := cursor_i__new__CallData__b9ab8dc8a4b2f9e(input)
      let v1 := mload(0x40)
      if iszero(v1) {
        v1 := 0x80
      }
      mstore(0x40, add(v1, 64))
      let v2 := v0
      mstore(v1, mload(v2))
      mstore(add(v1, 32), 0)
      let v3 := v1
      ret := v3
      leave
    }
    function stor_ptr__Evm_AccessControl__9eae422fa78e0dfe(self, slot) -> ret {
      ret := slot
      leave
    }
    function stor_ptr__Evm_TokenStore__f6aa99d6ecaccf30(self, slot) -> ret {
      ret := slot
      leave
    }
    function storagemap_k__v__get_stor__Address_u256__cdd966cb4c9acb9d(self, key) -> ret {
      let v0 := storagemap_k__v__storage_slot_stor__Address_u256__cdd966cb4c9acb9d(self, key)
      let v1 := sload(v0)
      let v2 := u256_wordrepr_from_word(v1)
      ret := v2
      leave
    }
    function storagemap_k__v__set_stor__Address_u256__cdd966cb4c9acb9d(self, key, value) {
      let v0 := storagemap_k__v__storage_slot_stor__Address_u256__cdd966cb4c9acb9d(self, key)
      let v1 := u256_wordrepr_to_word(value)
      sstore(v0, v1)
      leave
    }
    function storagemap_k__v__set_stor___u256__Address__bool__ac1f217814dd9c46(self, key, value) {
      let v0 := storagemap_k__v__storage_slot_stor___u256__Address__bool__ac1f217814dd9c46(self, key)
      let v1 := bool_wordrepr_to_word(value)
      sstore(v0, v1)
      leave
    }
    function storagemap_k__v__storage_slot_stor__Address_u256__cdd966cb4c9acb9d(self, key) -> ret {
      let v0 := address_storagekey_write_key(0, key)
      let v1 := self
      mstore(v0, v1)
      let v2 := keccak256(0, add(v0, 32))
      ret := v2
      leave
    }
    function storagemap_k__v__storage_slot_stor___u256__Address__bool__ac1f217814dd9c46(self, key) -> ret {
      let v0 := _a__b__storagekey_write_key__u256_Address__1ae3ad2a1b729a8b(0, key)
      let v1 := self
      mstore(v0, v1)
      let v2 := keccak256(0, add(v0, 32))
      ret := v2
      leave
    }
    function u256_decode_decode__Sol_SolDecoder_CallData___828c6f2e3bda3cab(d) -> ret {
      let v0 := soldecoder_i__abidecoder_read_word__CallData__b9ab8dc8a4b2f9e(d)
      ret := v0
      leave
    }
    function u256_storagekey_write_key(ptr, self) -> ret {
      mstore(ptr, self)
      ret := 32
      leave
    }
    function u256_wordrepr_from_word(word) -> ret {
      ret := word
      leave
    }
    function u256_wordrepr_to_word(self) -> ret {
      ret := self
      leave
    }
    init()
  }

  object "CoolCoin_deployed" {
    code {
      function ___decode_decode__Sol_SolDecoder_CallData___828c6f2e3bda3cab(d) {
        leave
      }
      function _a__b__storagekey_write_key__Address_Address__397b9a625a435b6f(ptr, self) -> ret {
        let v0 := self
        let v1 := add(self, 32)
        let v2 := address_storagekey_write_key(ptr, v0)
        let v3 := address_storagekey_write_key(add(ptr, v2), v1)
        ret := add(v2, v3)
        leave
      }
      function _a__b__storagekey_write_key__u256_Address__1ae3ad2a1b729a8b(ptr, self) -> ret {
        let v0 := mload(self)
        let v1 := add(self, 32)
        let v2 := u256_storagekey_write_key(ptr, v0)
        let v3 := address_storagekey_write_key(add(ptr, v2), v1)
        ret := add(v2, v3)
        leave
      }
      function _t0__decode_decode__Sol_Address_SolDecoder_CallData___c3cd70daebc6e8b9(d) -> ret {
        let v0 := address_decode_decode__Sol_SolDecoder_CallData___828c6f2e3bda3cab(d)
        let v1 := mload(0x40)
        if iszero(v1) {
          v1 := 0x80
        }
        mstore(0x40, add(v1, 32))
        let v2 := v0
        mstore(v1, mload(v2))
        ret := v1
        leave
      }
      function _t0__decode_decode__Sol_u256_SolDecoder_CallData___51fc2f6931ec5edc(d) -> ret {
        let v0 := u256_decode_decode__Sol_SolDecoder_CallData___828c6f2e3bda3cab(d)
        let v1 := mload(0x40)
        if iszero(v1) {
          v1 := 0x80
        }
        mstore(0x40, add(v1, 32))
        mstore(v1, v0)
        ret := v1
        leave
      }
      function _t0__t1__decode_decode__Sol_Address_Address_SolDecoder_CallData___7ed19c3f9fd70917(d) -> ret {
        let v0 := address_decode_decode__Sol_SolDecoder_CallData___828c6f2e3bda3cab(d)
        let v1 := address_decode_decode__Sol_SolDecoder_CallData___828c6f2e3bda3cab(d)
        let v2 := mload(0x40)
        if iszero(v2) {
          v2 := 0x80
        }
        mstore(0x40, add(v2, 64))
        let v3 := v0
        mstore(v2, mload(v3))
        let v4 := v1
        mstore(add(v2, 32), mload(v4))
        ret := v2
        leave
      }
      function _t0__t1__decode_decode__Sol_Address_u256_SolDecoder_CallData___25b1373fd1f61181(d) -> ret {
        let v0 := address_decode_decode__Sol_SolDecoder_CallData___828c6f2e3bda3cab(d)
        let v1 := u256_decode_decode__Sol_SolDecoder_CallData___828c6f2e3bda3cab(d)
        let v2 := mload(0x40)
        if iszero(v2) {
          v2 := 0x80
        }
        mstore(0x40, add(v2, 64))
        let v3 := v0
        mstore(v2, mload(v3))
        mstore(add(v2, 32), v1)
        ret := v2
        leave
      }
      function _t0__t1__t2__decode_decode__Sol_Address_Address_u256_SolDecoder_CallData___da321e92055b22cd(d) -> ret {
        let v0 := address_decode_decode__Sol_SolDecoder_CallData___828c6f2e3bda3cab(d)
        let v1 := address_decode_decode__Sol_SolDecoder_CallData___828c6f2e3bda3cab(d)
        let v2 := u256_decode_decode__Sol_SolDecoder_CallData___828c6f2e3bda3cab(d)
        let v3 := mload(0x40)
        if iszero(v3) {
          v3 := 0x80
        }
        mstore(0x40, add(v3, 96))
        let v4 := v0
        mstore(v3, mload(v4))
        let v5 := v1
        mstore(add(v3, 32), mload(v5))
        mstore(add(v3, 64), v2)
        ret := v3
        leave
      }
      function accesscontrol_require_stor(self, role, ctx) {
        let v0 := caller()
        let v1 := mload(0x40)
        if iszero(v1) {
          v1 := 0x80
        }
        mstore(0x40, add(v1, 64))
        mstore(v1, role)
        let v2 := v0
        mstore(add(v1, 32), mload(v2))
        let v3 := storagemap_k__v__get_stor___u256__Address__bool__ac1f217814dd9c46(self, v1)
        assert(eq(v3, 1))
        leave
      }
      function address_decode_decode__Sol_SolDecoder_CallData___828c6f2e3bda3cab(d) -> ret {
        let v0 := soldecoder_i__abidecoder_read_word__CallData__b9ab8dc8a4b2f9e(d)
        let v1 := mload(0x40)
        if iszero(v1) {
          v1 := 0x80
        }
        mstore(0x40, add(v1, 32))
        mstore(v1, v0)
        ret := v1
        leave
      }
      function address_storagekey_write_key(ptr, self) -> ret {
        let v0 := mload(self)
        let v1 := u256_storagekey_write_key(ptr, v0)
        ret := v1
        leave
      }
      function address_zero() -> ret {
        let v0 := mload(0x40)
        if iszero(v0) {
          v0 := 0x80
        }
        mstore(0x40, add(v0, 32))
        mstore(v0, 0)
        ret := v0
        leave
      }
      function alloc(size) -> ret {
        let v0 := mload(64)
        let v1 := eq(v0, 0)
        if v1 {
          v0 := 128
        }
        mstore(64, add(v0, size))
        ret := v0
        leave
      }
      function approve(owner, spender, amount, store, log) {
        let v0 := address_zero()
        assert(iszero(eq(owner, v0)))
        let v1 := address_zero()
        assert(iszero(eq(spender, v1)))
        let v2 := mload(0x40)
        if iszero(v2) {
          v2 := 0x80
        }
        mstore(0x40, add(v2, 64))
        let v3 := owner
        mstore(v2, mload(v3))
        let v4 := spender
        mstore(add(v2, 32), mload(v4))
        storagemap_k__v__set_stor___Address__Address__u256__380d6b10c386a4ee(add(store, 2), v2, amount)
        let v5 := mload(0x40)
        if iszero(v5) {
          v5 := 0x80
        }
        mstore(0x40, add(v5, 96))
        let v6 := owner
        mstore(v5, mload(v6))
        let v7 := spender
        mstore(add(v5, 32), mload(v7))
        mstore(add(v5, 64), amount)
        emit__log__Log_ApprovalEvent__bbf50d88fed22fda(log, v5)
        leave
      }
      function assert(b) {
        let v0 := iszero(b)
        if v0 {
          revert(0, 0)
        }
        leave
      }
      function bool_encode_encode__Sol_SolEncoder__dce63ad1a1fe4ae2(self, e) {
        let v0 := self
        if v0 {
          solencoder_abiencoder_write_word(e, 1)
        }
        if iszero(v0) {
          solencoder_abiencoder_write_word(e, 0)
        }
        leave
      }
      function bool_wordrepr_from_word(word) -> ret {
        ret := iszero(eq(word, 0))
        leave
      }
      function burn(from, amount, store, log) {
        let v0 := address_zero()
        assert(iszero(eq(from, v0)))
        let v1 := storagemap_k__v__get_stor__Address_u256__cdd966cb4c9acb9d(add(store, 1), from)
        assert(iszero(lt(v1, amount)))
        storagemap_k__v__set_stor__Address_u256__cdd966cb4c9acb9d(add(store, 1), from, sub(v1, amount))
        let v2 := address_zero()
        let v3 := mload(0x40)
        if iszero(v3) {
          v3 := 0x80
        }
        mstore(0x40, add(v3, 96))
        let v4 := from
        mstore(v3, mload(v4))
        let v5 := v2
        mstore(add(v3, 32), mload(v5))
        mstore(add(v3, 64), amount)
        emit__log__Log_TransferEvent__41b584f23318b0be(log, v3)
        leave
      }
      function calldata_byteinput_word_at(self, byte_offset) -> ret {
        let v0 := calldataload(byte_offset)
        ret := v0
        leave
      }
      function cursor_i__fork_mem__CallData__b9ab8dc8a4b2f9e(self, pos) -> ret {
        pop(self)
        let v0 := mload(0x40)
        if iszero(v0) {
          v0 := 0x80
        }
        mstore(0x40, add(v0, 32))
        pop(v0)
        mstore(v0, pos)
        let v1 := v0
        ret := v1
        leave
      }
      function cursor_i__new__CallData__b9ab8dc8a4b2f9e(input) -> ret {
        let v0 := mload(0x40)
        if iszero(v0) {
          v0 := 0x80
        }
        mstore(0x40, add(v0, 32))
        pop(v0)
        mstore(v0, 0)
        let v1 := v0
        ret := v1
        leave
      }
      function cursor_i__read_word_mem__CallData__b9ab8dc8a4b2f9e(self) -> ret {
        pop(self)
        let v0 := mload(self)
        let v1 := calldata_byteinput_word_at(0, v0)
        let v2 := mload(self)
        mstore(self, add(v2, 32))
        ret := v1
        leave
      }
      function emit__log__Log_ApprovalEvent__bbf50d88fed22fda(self, event) {
        todo()
        leave
      }
      function emit__log__Log_TransferEvent__41b584f23318b0be(self, event) {
        todo()
        leave
      }
      function mint(to, amount, store, log) {
        let v0 := address_zero()
        assert(iszero(eq(to, v0)))
        let v1 := storagemap_k__v__get_stor__Address_u256__cdd966cb4c9acb9d(add(store, 1), to)
        storagemap_k__v__set_stor__Address_u256__cdd966cb4c9acb9d(add(store, 1), to, add(v1, amount))
        let v2 := address_zero()
        let v3 := mload(0x40)
        if iszero(v3) {
          v3 := 0x80
        }
        mstore(0x40, add(v3, 96))
        let v4 := v2
        mstore(v3, mload(v4))
        let v5 := to
        mstore(add(v3, 32), mload(v5))
        mstore(add(v3, 64), amount)
        emit__log__Log_TransferEvent__41b584f23318b0be(log, v3)
        leave
      }
      function recv_Erc20Extended_BurnFrom_1_2(args, ctx, store, log) -> ret {
        let v0 := args
        let v1 := mload(add(args, 32))
        let v2 := caller()
        spend_allowance(v0, v2, v1, store)
        burn(v0, v1, store, log)
        ret := 1
        leave
      }
      function recv_Erc20Extended_Burn_1_1(args, ctx, store, log) -> ret {
        let v0 := mload(args)
        let v1 := caller()
        burn(v1, v0, store, log)
        ret := 1
        leave
      }
      function recv_Erc20Extended_DecreaseAllowance_1_4(args, ctx, store, log) -> ret {
        let v0 := args
        let v1 := mload(add(args, 32))
        let v2 := caller()
        let v3 := mload(0x40)
        if iszero(v3) {
          v3 := 0x80
        }
        mstore(0x40, add(v3, 64))
        let v4 := v2
        mstore(v3, mload(v4))
        let v5 := v0
        mstore(add(v3, 32), mload(v5))
        let v6 := storagemap_k__v__get_stor___Address__Address__u256__380d6b10c386a4ee(add(store, 2), v3)
        assert(iszero(lt(v6, v1)))
        approve(v2, v0, sub(v6, v1), store, log)
        ret := 1
        leave
      }
      function recv_Erc20Extended_IncreaseAllowance_1_3(args, ctx, store, log) -> ret {
        let v0 := args
        let v1 := mload(add(args, 32))
        let v2 := caller()
        let v3 := mload(0x40)
        if iszero(v3) {
          v3 := 0x80
        }
        mstore(0x40, add(v3, 64))
        let v4 := v2
        mstore(v3, mload(v4))
        let v5 := v0
        mstore(add(v3, 32), mload(v5))
        let v6 := storagemap_k__v__get_stor___Address__Address__u256__380d6b10c386a4ee(add(store, 2), v3)
        approve(v2, v0, add(v6, v1), store, log)
        ret := 1
        leave
      }
      function recv_Erc20Extended_Mint_1_0(args, ctx, store, log, auth) -> ret {
        let v0 := args
        let v1 := mload(add(args, 32))
        accesscontrol_require_stor(auth, 1, ctx)
        mint(v0, v1, store, log)
        ret := 1
        leave
      }
      function recv_Erc20_Allowance_0_4(args, store) -> ret {
        let v0 := args
        let v1 := add(args, 32)
        let v2 := mload(0x40)
        if iszero(v2) {
          v2 := 0x80
        }
        mstore(0x40, add(v2, 64))
        let v3 := v0
        mstore(v2, mload(v3))
        let v4 := v1
        mstore(add(v2, 32), mload(v4))
        let v5 := storagemap_k__v__get_stor___Address__Address__u256__380d6b10c386a4ee(add(store, 2), v2)
        ret := v5
        leave
      }
      function recv_Erc20_Approve_0_1(args, ctx, store, log) -> ret {
        let v0 := args
        let v1 := mload(add(args, 32))
        let v2 := caller()
        approve(v2, v0, v1, store, log)
        ret := 1
        leave
      }
      function recv_Erc20_BalanceOf_0_3(args, store) -> ret {
        let v0 := args
        let v1 := storagemap_k__v__get_stor__Address_u256__cdd966cb4c9acb9d(add(store, 1), v0)
        ret := v1
        leave
      }
      function recv_Erc20_Decimals_0_8(args) -> ret {
        ret := 18
        leave
      }
      function recv_Erc20_Name_0_6(args) -> ret {
        ret := 0x436f6f6c436f696e
        leave
      }
      function recv_Erc20_Symbol_0_7(args) -> ret {
        ret := 0x434f4f4c
        leave
      }
      function recv_Erc20_TotalSupply_0_5(args, store) -> ret {
        let v0 := sload(store)
        ret := v0
        leave
      }
      function recv_Erc20_TransferFrom_0_2(args, ctx, store, log) -> ret {
        let v0 := args
        let v1 := add(args, 32)
        let v2 := mload(add(args, 64))
        let v3 := caller()
        spend_allowance(v0, v3, v2, store)
        transfer(v0, v1, v2, store, log)
        ret := 1
        leave
      }
      function recv_Erc20_Transfer_0_0(args, ctx, store, log) -> ret {
        let v0 := args
        let v1 := mload(add(args, 32))
        let v2 := caller()
        transfer(v2, v0, v1, store, log)
        ret := 1
        leave
      }
      function runtime() {
        let v0 := stor_ptr__Evm_TokenStore__f6aa99d6ecaccf30(0, 0)
        let v1 := stor_ptr__Evm_AccessControl__9eae422fa78e0dfe(0, 3)
        let v2 := calldatasize()
        let v3 := lt(v2, 4)
        if v3 {
          revert(0, 0)
        }
        let v4 := calldataload(0)
        let v5 := sol_abi_selector_from_prefix(v4)
        switch v5
          case 2835717307 {
            let v6 := soldecoder_i__with_base__CallData__b9ab8dc8a4b2f9e(0, 4)
            let v7 := calldatasize()
            let v8 := lt(v7, add(4, 64))
            if v8 {
              revert(0, 0)
            }
            let v9 := _t0__t1__decode_decode__Sol_Address_u256_SolDecoder_CallData___25b1373fd1f61181(v6)
            let v10 := v0
            let v11 := recv_Erc20_Transfer_0_0(v9, 0, v10, 0)
            let v12 := v11
            let v13 := solencoder_new()
            let v14 := solencoder_abiencoder_reserve_head(v13, 32)
            pop(v14)
            bool_encode_encode__Sol_SolEncoder__dce63ad1a1fe4ae2(v12, v13)
            let v15 := solencoder_abiencoder_finish(v13)
            let v16 := mload(v15)
            let v17 := mload(add(v15, 32))
            return(v16, v17)
          }
          case 157198259 {
            let v18 := soldecoder_i__with_base__CallData__b9ab8dc8a4b2f9e(0, 4)
            let v19 := calldatasize()
            let v20 := lt(v19, add(4, 64))
            if v20 {
              revert(0, 0)
            }
            let v21 := _t0__t1__decode_decode__Sol_Address_u256_SolDecoder_CallData___25b1373fd1f61181(v18)
            let v22 := v0
            let v23 := recv_Erc20_Approve_0_1(v21, 0, v22, 0)
            let v24 := v23
            let v25 := solencoder_new()
            let v26 := solencoder_abiencoder_reserve_head(v25, 32)
            pop(v26)
            bool_encode_encode__Sol_SolEncoder__dce63ad1a1fe4ae2(v24, v25)
            let v27 := solencoder_abiencoder_finish(v25)
            let v28 := mload(v27)
            let v29 := mload(add(v27, 32))
            return(v28, v29)
          }
          case 599290589 {
            let v30 := soldecoder_i__with_base__CallData__b9ab8dc8a4b2f9e(0, 4)
            let v31 := calldatasize()
            let v32 := lt(v31, add(4, 96))
            if v32 {
              revert(0, 0)
            }
            let v33 := _t0__t1__t2__decode_decode__Sol_Address_Address_u256_SolDecoder_CallData___da321e92055b22cd(v30)
            let v34 := v0
            let v35 := recv_Erc20_TransferFrom_0_2(v33, 0, v34, 0)
            let v36 := v35
            let v37 := solencoder_new()
            let v38 := solencoder_abiencoder_reserve_head(v37, 32)
            pop(v38)
            bool_encode_encode__Sol_SolEncoder__dce63ad1a1fe4ae2(v36, v37)
            let v39 := solencoder_abiencoder_finish(v37)
            let v40 := mload(v39)
            let v41 := mload(add(v39, 32))
            return(v40, v41)
          }
          case 1889567281 {
            let v42 := soldecoder_i__with_base__CallData__b9ab8dc8a4b2f9e(0, 4)
            let v43 := calldatasize()
            let v44 := lt(v43, add(4, 32))
            if v44 {
              revert(0, 0)
            }
            let v45 := _t0__decode_decode__Sol_Address_SolDecoder_CallData___c3cd70daebc6e8b9(v42)
            let v46 := v0
            let v47 := recv_Erc20_BalanceOf_0_3(v45, v46)
            let v48 := v47
            let v49 := solencoder_new()
            let v50 := solencoder_abiencoder_reserve_head(v49, 32)
            pop(v50)
            u256_encode_encode__Sol_SolEncoder__dce63ad1a1fe4ae2(v48, v49)
            let v51 := solencoder_abiencoder_finish(v49)
            let v52 := mload(v51)
            let v53 := mload(add(v51, 32))
            return(v52, v53)
          }
          case 3714247998 {
            let v54 := soldecoder_i__with_base__CallData__b9ab8dc8a4b2f9e(0, 4)
            let v55 := calldatasize()
            let v56 := lt(v55, add(4, 64))
            if v56 {
              revert(0, 0)
            }
            let v57 := _t0__t1__decode_decode__Sol_Address_Address_SolDecoder_CallData___7ed19c3f9fd70917(v54)
            let v58 := v0
            let v59 := recv_Erc20_Allowance_0_4(v57, v58)
            let v60 := v59
            let v61 := solencoder_new()
            let v62 := solencoder_abiencoder_reserve_head(v61, 32)
            pop(v62)
            u256_encode_encode__Sol_SolEncoder__dce63ad1a1fe4ae2(v60, v61)
            let v63 := solencoder_abiencoder_finish(v61)
            let v64 := mload(v63)
            let v65 := mload(add(v63, 32))
            return(v64, v65)
          }
          case 404098525 {
            let v66 := soldecoder_i__with_base__CallData__b9ab8dc8a4b2f9e(0, 4)
            let v67 := calldatasize()
            let v68 := lt(v67, add(4, 0))
            if v68 {
              revert(0, 0)
            }
            ___decode_decode__Sol_SolDecoder_CallData___828c6f2e3bda3cab(v66)
            let v69 := v0
            let v70 := recv_Erc20_TotalSupply_0_5(0, v69)
            let v71 := v70
            let v72 := solencoder_new()
            let v73 := solencoder_abiencoder_reserve_head(v72, 32)
            pop(v73)
            u256_encode_encode__Sol_SolEncoder__dce63ad1a1fe4ae2(v71, v72)
            let v74 := solencoder_abiencoder_finish(v72)
            let v75 := mload(v74)
            let v76 := mload(add(v74, 32))
            return(v75, v76)
          }
          case 117300739 {
            let v77 := soldecoder_i__with_base__CallData__b9ab8dc8a4b2f9e(0, 4)
            let v78 := calldatasize()
            let v79 := lt(v78, add(4, 0))
            if v79 {
              revert(0, 0)
            }
            ___decode_decode__Sol_SolDecoder_CallData___828c6f2e3bda3cab(v77)
            let v80 := recv_Erc20_Name_0_6(0)
            let v81 := solencoder_new()
            let v82 := solencoder_abiencoder_reserve_head(v81, 32)
            pop(v82)
            string_const_n__usize__encode_encode__Sol_32_SolEncoder__85bcb27fa2f25e8f(v80, v81)
            let v83 := solencoder_abiencoder_finish(v81)
            let v84 := mload(v83)
            let v85 := mload(add(v83, 32))
            return(v84, v85)
          }
          case 2514000705 {
            let v86 := soldecoder_i__with_base__CallData__b9ab8dc8a4b2f9e(0, 4)
            let v87 := calldatasize()
            let v88 := lt(v87, add(4, 0))
            if v88 {
              revert(0, 0)
            }
            ___decode_decode__Sol_SolDecoder_CallData___828c6f2e3bda3cab(v86)
            let v89 := recv_Erc20_Symbol_0_7(0)
            let v90 := solencoder_new()
            let v91 := solencoder_abiencoder_reserve_head(v90, 32)
            pop(v91)
            string_const_n__usize__encode_encode__Sol_32_SolEncoder__85bcb27fa2f25e8f(v89, v90)
            let v92 := solencoder_abiencoder_finish(v90)
            let v93 := mload(v92)
            let v94 := mload(add(v92, 32))
            return(v93, v94)
          }
          case 826074471 {
            let v95 := soldecoder_i__with_base__CallData__b9ab8dc8a4b2f9e(0, 4)
            let v96 := calldatasize()
            let v97 := lt(v96, add(4, 0))
            if v97 {
              revert(0, 0)
            }
            ___decode_decode__Sol_SolDecoder_CallData___828c6f2e3bda3cab(v95)
            let v98 := recv_Erc20_Decimals_0_8(0)
            let v99 := solencoder_new()
            let v100 := solencoder_abiencoder_reserve_head(v99, 32)
            pop(v100)
            u8_encode_encode__Sol_SolEncoder__dce63ad1a1fe4ae2(v98, v99)
            let v101 := solencoder_abiencoder_finish(v99)
            let v102 := mload(v101)
            let v103 := mload(add(v101, 32))
            return(v102, v103)
          }
          case 1086394137 {
            let v104 := soldecoder_i__with_base__CallData__b9ab8dc8a4b2f9e(0, 4)
            let v105 := calldatasize()
            let v106 := lt(v105, add(4, 64))
            if v106 {
              revert(0, 0)
            }
            let v107 := _t0__t1__decode_decode__Sol_Address_u256_SolDecoder_CallData___25b1373fd1f61181(v104)
            let v108 := v0
            let v109 := v1
            let v110 := recv_Erc20Extended_Mint_1_0(v107, 0, v108, 0, v109)
            let v111 := v110
            let v112 := solencoder_new()
            let v113 := solencoder_abiencoder_reserve_head(v112, 32)
            pop(v113)
            bool_encode_encode__Sol_SolEncoder__dce63ad1a1fe4ae2(v111, v112)
            let v114 := solencoder_abiencoder_finish(v112)
            let v115 := mload(v114)
            let v116 := mload(add(v114, 32))
            return(v115, v116)
          }
          case 1117154408 {
            let v117 := soldecoder_i__with_base__CallData__b9ab8dc8a4b2f9e(0, 4)
            let v118 := calldatasize()
            let v119 := lt(v118, add(4, 32))
            if v119 {
              revert(0, 0)
            }
            let v120 := _t0__decode_decode__Sol_u256_SolDecoder_CallData___51fc2f6931ec5edc(v117)
            let v121 := v0
            let v122 := recv_Erc20Extended_Burn_1_1(v120, 0, v121, 0)
            let v123 := v122
            let v124 := solencoder_new()
            let v125 := solencoder_abiencoder_reserve_head(v124, 32)
            pop(v125)
            bool_encode_encode__Sol_SolEncoder__dce63ad1a1fe4ae2(v123, v124)
            let v126 := solencoder_abiencoder_finish(v124)
            let v127 := mload(v126)
            let v128 := mload(add(v126, 32))
            return(v127, v128)
          }
          case 2043438992 {
            let v129 := soldecoder_i__with_base__CallData__b9ab8dc8a4b2f9e(0, 4)
            let v130 := calldatasize()
            let v131 := lt(v130, add(4, 64))
            if v131 {
              revert(0, 0)
            }
            let v132 := _t0__t1__decode_decode__Sol_Address_u256_SolDecoder_CallData___25b1373fd1f61181(v129)
            let v133 := v0
            let v134 := recv_Erc20Extended_BurnFrom_1_2(v132, 0, v133, 0)
            let v135 := v134
            let v136 := solencoder_new()
            let v137 := solencoder_abiencoder_reserve_head(v136, 32)
            pop(v137)
            bool_encode_encode__Sol_SolEncoder__dce63ad1a1fe4ae2(v135, v136)
            let v138 := solencoder_abiencoder_finish(v136)
            let v139 := mload(v138)
            let v140 := mload(add(v138, 32))
            return(v139, v140)
          }
          case 961581905 {
            let v141 := soldecoder_i__with_base__CallData__b9ab8dc8a4b2f9e(0, 4)
            let v142 := calldatasize()
            let v143 := lt(v142, add(4, 64))
            if v143 {
              revert(0, 0)
            }
            let v144 := _t0__t1__decode_decode__Sol_Address_u256_SolDecoder_CallData___25b1373fd1f61181(v141)
            let v145 := v0
            let v146 := recv_Erc20Extended_IncreaseAllowance_1_3(v144, 0, v145, 0)
            let v147 := v146
            let v148 := solencoder_new()
            let v149 := solencoder_abiencoder_reserve_head(v148, 32)
            pop(v149)
            bool_encode_encode__Sol_SolEncoder__dce63ad1a1fe4ae2(v147, v148)
            let v150 := solencoder_abiencoder_finish(v148)
            let v151 := mload(v150)
            let v152 := mload(add(v150, 32))
            return(v151, v152)
          }
          case 2757214935 {
            let v153 := soldecoder_i__with_base__CallData__b9ab8dc8a4b2f9e(0, 4)
            let v154 := calldatasize()
            let v155 := lt(v154, add(4, 64))
            if v155 {
              revert(0, 0)
            }
            let v156 := _t0__t1__decode_decode__Sol_Address_u256_SolDecoder_CallData___25b1373fd1f61181(v153)
            let v157 := v0
            let v158 := recv_Erc20Extended_DecreaseAllowance_1_4(v156, 0, v157, 0)
            let v159 := v158
            let v160 := solencoder_new()
            let v161 := solencoder_abiencoder_reserve_head(v160, 32)
            pop(v161)
            bool_encode_encode__Sol_SolEncoder__dce63ad1a1fe4ae2(v159, v160)
            let v162 := solencoder_abiencoder_finish(v160)
            let v163 := mload(v162)
            let v164 := mload(add(v162, 32))
            return(v163, v164)
          }
          default {
            revert(0, 0)
          }
      }
      function sol_abi_selector_from_prefix(prefix) -> ret {
        let v0 := shr(224, prefix)
        ret := v0
        leave
      }
      function soldecoder_i__abidecoder_read_word__CallData__b9ab8dc8a4b2f9e(self) -> ret {
        let v0 := cursor_i__read_word_mem__CallData__b9ab8dc8a4b2f9e(self)
        ret := v0
        leave
      }
      function soldecoder_i__with_base__CallData__b9ab8dc8a4b2f9e(input, base) -> ret {
        let v0 := cursor_i__new__CallData__b9ab8dc8a4b2f9e(input)
        let v1 := cursor_i__fork_mem__CallData__b9ab8dc8a4b2f9e(v0, base)
        let v2 := mload(0x40)
        if iszero(v2) {
          v2 := 0x80
        }
        mstore(0x40, add(v2, 64))
        let v3 := v1
        mstore(v2, mload(v3))
        mstore(add(v2, 32), base)
        let v4 := v2
        ret := v4
        leave
      }
      function solencoder_abiencoder_finish(self) -> ret {
        let v0 := mload(self)
        let v1 := mload(add(self, 64))
        let v2 := mload(0x40)
        if iszero(v2) {
          v2 := 0x80
        }
        mstore(0x40, add(v2, 64))
        mstore(v2, v0)
        mstore(add(v2, 32), sub(v1, v0))
        ret := v2
        leave
      }
      function solencoder_abiencoder_reserve_head(self, bytes) -> ret {
        solencoder_ensure_init_mem(self, bytes)
        let v0 := mload(self)
        ret := v0
        leave
      }
      function solencoder_abiencoder_write_word(self, v) {
        let v0 := mload(add(self, 32))
        mstore(v0, v)
        mstore(add(self, 32), add(v0, 32))
        leave
      }
      function solencoder_ensure_init_mem(self, bytes) {
        let v0 := mload(self)
        let v1 := eq(v0, 0)
        if v1 {
          let v2 := alloc(bytes)
          mstore(self, v2)
          mstore(add(self, 32), v2)
          mstore(add(self, 64), add(v2, bytes))
        }
        leave
      }
      function solencoder_new() -> ret {
        let v0 := mload(0x40)
        if iszero(v0) {
          v0 := 0x80
        }
        mstore(0x40, add(v0, 96))
        mstore(v0, 0)
        mstore(add(v0, 32), 0)
        mstore(add(v0, 64), 0)
        let v1 := v0
        ret := v1
        leave
      }
      function spend_allowance(owner, spender, amount, store) {
        let v0 := mload(0x40)
        if iszero(v0) {
          v0 := 0x80
        }
        mstore(0x40, add(v0, 64))
        let v1 := owner
        mstore(v0, mload(v1))
        let v2 := spender
        mstore(add(v0, 32), mload(v2))
        let v3 := storagemap_k__v__get_stor___Address__Address__u256__380d6b10c386a4ee(add(store, 2), v0)
        assert(iszero(lt(v3, amount)))
        let v4 := mload(0x40)
        if iszero(v4) {
          v4 := 0x80
        }
        mstore(0x40, add(v4, 64))
        let v5 := owner
        mstore(v4, mload(v5))
        let v6 := spender
        mstore(add(v4, 32), mload(v6))
        storagemap_k__v__set_stor___Address__Address__u256__380d6b10c386a4ee(add(store, 2), v4, sub(v3, amount))
        leave
      }
      function stor_ptr__Evm_AccessControl__9eae422fa78e0dfe(self, slot) -> ret {
        ret := slot
        leave
      }
      function stor_ptr__Evm_TokenStore__f6aa99d6ecaccf30(self, slot) -> ret {
        ret := slot
        leave
      }
      function storagemap_k__v__get_stor__Address_u256__cdd966cb4c9acb9d(self, key) -> ret {
        let v0 := storagemap_k__v__storage_slot_stor__Address_u256__cdd966cb4c9acb9d(self, key)
        let v1 := sload(v0)
        let v2 := u256_wordrepr_from_word(v1)
        ret := v2
        leave
      }
      function storagemap_k__v__get_stor___Address__Address__u256__380d6b10c386a4ee(self, key) -> ret {
        let v0 := storagemap_k__v__storage_slot_stor___Address__Address__u256__380d6b10c386a4ee(self, key)
        let v1 := sload(v0)
        let v2 := u256_wordrepr_from_word(v1)
        ret := v2
        leave
      }
      function storagemap_k__v__get_stor___u256__Address__bool__ac1f217814dd9c46(self, key) -> ret {
        let v0 := storagemap_k__v__storage_slot_stor___u256__Address__bool__ac1f217814dd9c46(self, key)
        let v1 := sload(v0)
        let v2 := bool_wordrepr_from_word(v1)
        ret := v2
        leave
      }
      function storagemap_k__v__set_stor__Address_u256__cdd966cb4c9acb9d(self, key, value) {
        let v0 := storagemap_k__v__storage_slot_stor__Address_u256__cdd966cb4c9acb9d(self, key)
        let v1 := u256_wordrepr_to_word(value)
        sstore(v0, v1)
        leave
      }
      function storagemap_k__v__set_stor___Address__Address__u256__380d6b10c386a4ee(self, key, value) {
        let v0 := storagemap_k__v__storage_slot_stor___Address__Address__u256__380d6b10c386a4ee(self, key)
        let v1 := u256_wordrepr_to_word(value)
        sstore(v0, v1)
        leave
      }
      function storagemap_k__v__storage_slot_stor__Address_u256__cdd966cb4c9acb9d(self, key) -> ret {
        let v0 := address_storagekey_write_key(0, key)
        let v1 := self
        mstore(v0, v1)
        let v2 := keccak256(0, add(v0, 32))
        ret := v2
        leave
      }
      function storagemap_k__v__storage_slot_stor___Address__Address__u256__380d6b10c386a4ee(self, key) -> ret {
        let v0 := _a__b__storagekey_write_key__Address_Address__397b9a625a435b6f(0, key)
        let v1 := self
        mstore(v0, v1)
        let v2 := keccak256(0, add(v0, 32))
        ret := v2
        leave
      }
      function storagemap_k__v__storage_slot_stor___u256__Address__bool__ac1f217814dd9c46(self, key) -> ret {
        let v0 := _a__b__storagekey_write_key__u256_Address__1ae3ad2a1b729a8b(0, key)
        let v1 := self
        mstore(v0, v1)
        let v2 := keccak256(0, add(v0, 32))
        ret := v2
        leave
      }
      function string_const_n__usize__encode_encode__Sol_32_SolEncoder__85bcb27fa2f25e8f(self, e) {
        todo()
        leave
      }
      function transfer(from, to, amount, store, log) {
        let v0 := address_zero()
        assert(iszero(eq(from, v0)))
        let v1 := address_zero()
        assert(iszero(eq(to, v1)))
        let v2 := storagemap_k__v__get_stor__Address_u256__cdd966cb4c9acb9d(add(store, 1), from)
        assert(iszero(lt(v2, amount)))
        storagemap_k__v__set_stor__Address_u256__cdd966cb4c9acb9d(add(store, 1), from, sub(v2, amount))
        let v3 := storagemap_k__v__get_stor__Address_u256__cdd966cb4c9acb9d(add(store, 1), to)
        storagemap_k__v__set_stor__Address_u256__cdd966cb4c9acb9d(add(store, 1), to, add(v3, amount))
        let v4 := mload(0x40)
        if iszero(v4) {
          v4 := 0x80
        }
        mstore(0x40, add(v4, 96))
        let v5 := from
        mstore(v4, mload(v5))
        let v6 := to
        mstore(add(v4, 32), mload(v6))
        mstore(add(v4, 64), amount)
        emit__log__Log_TransferEvent__41b584f23318b0be(log, v4)
        leave
      }
      function u256_decode_decode__Sol_SolDecoder_CallData___828c6f2e3bda3cab(d) -> ret {
        let v0 := soldecoder_i__abidecoder_read_word__CallData__b9ab8dc8a4b2f9e(d)
        ret := v0
        leave
      }
      function u256_encode_encode__Sol_SolEncoder__dce63ad1a1fe4ae2(self, e) {
        solencoder_abiencoder_write_word(e, self)
        leave
      }
      function u256_storagekey_write_key(ptr, self) -> ret {
        mstore(ptr, self)
        ret := 32
        leave
      }
      function u256_wordrepr_from_word(word) -> ret {
        ret := word
        leave
      }
      function u256_wordrepr_to_word(self) -> ret {
        ret := self
        leave
      }
      function u8_encode_encode__Sol_SolEncoder__dce63ad1a1fe4ae2(self, e) {
        let v0 := self
        solencoder_abiencoder_write_word(e, v0)
        leave
      }
      runtime()
      return(0, 0)
    }
  }
}
