---
source: crates/codegen/tests/yul.rs
expression: output
input_file: tests/fixtures/for_range.fe
---
object "main" {
  code {
    function $for_range_sum() -> ret {
      let v0 := 0
      let v8 := 0
      let v9 := 0
      let v10 := 0
      let v17 := 0x00
      let v4 := v17
      let v18 := 0x00
      v0 := v18
      let v19 := 0x00
      let v5 := v19
      let v20 := 0x00
      let v1 := v20
      let v21 := 0x0a
      let v6 := v21
      let v22 := 0x0a
      let v2 := v22
      let v23 := 0x00
      let v24 := 0x0a
      let t34 := mload(0x40)
      if iszero(t34) {
        t34 := 0x80
      }
      mstore(0x40, add(t34, 64))
      let v26 := t34
      mstore(v26, v23)
      mstore(add(v26, 32), v24)
      let v25 := v26
      v8 := v25
      let v27 := 0x00
      v9 := v27
      let v28 := v8
      let v29 := $len(v28)
      v10 := v29
      for {} 1 {} {
        let v11 := iszero(iszero(lt(v9, v10)))
        if iszero(iszero(v11)) {
          let v30 := v8
          let v31 := $get(v30, v9)
          let v12 := v31
          let v3 := v12
          let t35 := add(v0, v3)
          if lt(t35, v0) {
            mstore(0, 0x4e487b7100000000000000000000000000000000000000000000000000000000)
            mstore(4, 0x11)
            revert(0, 36)
          }
          let v32 := t35
          let v13 := v32
          v0 := v13
          let v33 := 0x01
          let v15 := v33
          let t36 := add(v9, v15)
          if lt(t36, v9) {
            mstore(0, 0x4e487b7100000000000000000000000000000000000000000000000000000000)
            mstore(4, 0x11)
            revert(0, 36)
          }
          let v16 := t36
          v9 := v16
          continue
        }
        if iszero(iszero(iszero(v11))) {
          break
        }
      }
      ret := v0
      leave
    }
    function $get(p0, p1) -> ret {
      let t6 := mload(p0)
      let v2 := t6
      let v3 := p1
      let t7 := add(v2, v3)
      if lt(t7, v2) {
        mstore(0, 0x4e487b7100000000000000000000000000000000000000000000000000000000)
        mstore(4, 0x11)
        revert(0, 36)
      }
      let v5 := t7
      let v4 := v5
      ret := v4
      leave
    }
    function $len(p0) -> ret {
      let v1 := 0
      let t15 := mload(add(p0, 32))
      let v2 := t15
      let t16 := mload(p0)
      let v9 := t16
      mstore(p0, v9)
      let t17 := mload(p0)
      let v10 := t17
      let v11 := iszero(iszero(lt(v2, v10)))
      let v4 := iszero(iszero(v11))
      if iszero(iszero(v4)) {
        let v12 := 0x00
        let v5 := v12
        let v13 := 0x00
        v1 := v13
      }
      if iszero(iszero(iszero(v4))) {
        let t18 := mload(add(p0, 32))
        let v6 := t18
        let t19 := mload(p0)
        let v7 := t19
        let t20 := sub(v6, v7)
        if gt(v7, v6) {
          mstore(0, 0x4e487b7100000000000000000000000000000000000000000000000000000000)
          mstore(4, 0x11)
          revert(0, 36)
        }
        let v14 := t20
        let v8 := v14
        v1 := v8
      }
      ret := v1
      leave
    }
    function $main_root() {
      let v0 := $for_range_sum()
      stop()
    }
    $main_root()
  }
}
