---
source: crates/codegen/tests/yul.rs
expression: output
input_file: tests/fixtures/full_contract.fe
---
object "ShapeDispatcher" {
  code {
    function init() {
      let v0 := 0
      let v1 := datasize("ShapeDispatcher_deployed")
      let v2 := dataoffset("ShapeDispatcher_deployed")
      codecopy(0, v2, v1)
      return(0, v1)
    }
    init()
  }

  object "ShapeDispatcher_deployed" {
    code {
      function abi_encode(value, ops) {
        let v0 := 0
        mstore(v0, value)
        return(v0, 32)
      }
      function dispatch() {
        let v0 := 0
        let v1 := calldataload(0)
        let v2 := shr(224, v1)
        let v3 := eq(v2, 151146943)
        if v3 {
          let v4 := calldataload(4)
          let v5 := calldataload(36)
          let v6 := mload(0x40)
          if iszero(v6) {
            v6 := 0x80
          }
          mstore(0x40, add(v6, 64))
          mstore(v6, v4)
          mstore(add(v6, 32), v5)
          let v7 := v6
          let v8 := mload(v7)
          mstore(v7, add(v8, 1))
          let v9 := mload(add(v7, 32))
          mstore(add(v7, 32), add(v9, 2))
          let v10 := point_area_mem(v7)
          abi_encode(v10, 0)
        }
        let v11 := eq(v2, 2066295049)
        if v11 {
          let v12 := calldataload(4)
          let v13 := mload(0x40)
          if iszero(v13) {
            v13 := 0x80
          }
          mstore(0x40, add(v13, 32))
          mstore(v13, v12)
          let v14 := v13
          let v15 := mload(v14)
          mstore(v14, add(v15, 3))
          let v16 := square_area_mem(v14)
          abi_encode(v16, 0)
        }
        return(0, 0)
      }
      function point_area_mem(self) -> ret {
        let v0 := mload(self)
        let v1 := mload(add(self, 32))
        ret := mul(v0, v1)
        leave
      }
      function square_area_mem(self) -> ret {
        let v0 := mload(self)
        ret := mul(v0, v0)
        leave
      }
      dispatch()
      return(0, 0)
    }
  }
}
