---
source: crates/codegen/tests/yul.rs
expression: output
input_file: tests/fixtures/match_nested_default.fe
---
object "main" {
  code {
    function $deeply_nested_wildcard(p0) -> ret {
      let v1 := 0
      let v8 := p0
      let t19 := and(byte(0, mload(v8)), 0xff)
      let v7 := t19
      switch and(v7, 0xff)
      case 0 {
      }
      default {
          invalid()
      }
      let v10 := add(p0, 1)
      let t20 := and(byte(0, mload(v10)), 0xff)
      let v9 := t20
      switch and(v9, 0xff)
      case 0 {
          let v12 := add(add(p0, 1), 1)
          let t21 := and(byte(0, mload(v12)), 0xff)
          let v11 := t21
          switch and(v11, 0xff)
          case 0 {
              let v15 := 0x01
              let v4 := and(v15, 0xff)
              let v16 := 0x01
              v1 := and(v16, 0xff)
          }
          default {
              let v17 := 0x00
              let v5 := and(v17, 0xff)
              let v18 := 0x00
              v1 := and(v18, 0xff)
          }
      }
      default {
          let v13 := 0x00
          let v6 := and(v13, 0xff)
          let v14 := 0x00
          v1 := and(v14, 0xff)
      }
      ret := and(v1, 0xff)
      leave
    }
    function $exhaustive_inner_outer_wildcard(p0) -> ret {
      let v1 := 0
      let v8 := p0
      let t19 := and(byte(0, mload(v8)), 0xff)
      let v7 := t19
      switch and(v7, 0xff)
      case 0 {
          let v10 := add(p0, 1)
          let t20 := and(byte(0, mload(v10)), 0xff)
          let v9 := t20
          switch and(v9, 0xff)
          case 0 {
              let v13 := 0x01
              let v3 := and(v13, 0xff)
              let v14 := 0x01
              v1 := and(v14, 0xff)
          }
          case 1 {
              let v15 := 0x02
              let v4 := and(v15, 0xff)
              let v16 := 0x02
              v1 := and(v16, 0xff)
          }
          case 2 {
              let v17 := 0x03
              let v5 := and(v17, 0xff)
              let v18 := 0x03
              v1 := and(v18, 0xff)
          }
          default {
              invalid()
          }
      }
      default {
          let v11 := 0x00
          let v6 := and(v11, 0xff)
          let v12 := 0x00
          v1 := and(v12, 0xff)
      }
      ret := and(v1, 0xff)
      leave
    }
    function $main() -> ret {
      let t38 := mload(0x40)
      if iszero(t38) {
        t38 := 0x80
      }
      mstore(0x40, add(t38, 1))
      mstore8(t38, and(0, 0xff))
      let v14 := t38
      let v0 := v14
      let t39 := mload(0x40)
      if iszero(t39) {
        t39 := 0x80
      }
      mstore(0x40, add(t39, 1))
      mstore8(t39, and(0, 0xff))
      let v15 := t39
      let t40 := mload(0x40)
      if iszero(t40) {
        t40 := 0x80
      }
      mstore(0x40, add(t40, 2))
      mstore8(t40, and(0, 0xff))
      mstore(add(t40, 1), mload(v15))
      let v16 := t40
      let v1 := v16
      let v17 := v1
      let v18 := $nested_with_defaults(v17)
      let v2 := and(v18, 0xff)
      let t41 := mload(0x40)
      if iszero(t41) {
        t41 := 0x80
      }
      mstore(0x40, add(t41, 1))
      mstore8(t41, and(1, 0xff))
      let v19 := t41
      let v3 := v19
      let t42 := mload(0x40)
      if iszero(t42) {
        t42 := 0x80
      }
      mstore(0x40, add(t42, 1))
      mstore8(t42, and(1, 0xff))
      let v20 := t42
      let t43 := mload(0x40)
      if iszero(t43) {
        t43 := 0x80
      }
      mstore(0x40, add(t43, 2))
      mstore8(t43, and(0, 0xff))
      mstore(add(t43, 1), mload(v20))
      let v21 := t43
      let v4 := v21
      let v22 := v4
      let v23 := $outer_specific_inner_wildcard(v22)
      let v5 := and(v23, 0xff)
      let t44 := mload(0x40)
      if iszero(t44) {
        t44 := 0x80
      }
      mstore(0x40, add(t44, 1))
      mstore8(t44, and(2, 0xff))
      let v24 := t44
      let v6 := v24
      let t45 := mload(0x40)
      if iszero(t45) {
        t45 := 0x80
      }
      mstore(0x40, add(t45, 1))
      mstore8(t45, and(2, 0xff))
      let v25 := t45
      let t46 := mload(0x40)
      if iszero(t46) {
        t46 := 0x80
      }
      mstore(0x40, add(t46, 2))
      mstore8(t46, and(1, 0xff))
      mstore(add(t46, 1), mload(v25))
      let v26 := t46
      let v7 := v26
      let t47 := mload(0x40)
      if iszero(t47) {
        t47 := 0x80
      }
      mstore(0x40, add(t47, 1))
      mstore8(t47, and(2, 0xff))
      let v27 := t47
      let t48 := mload(0x40)
      if iszero(t48) {
        t48 := 0x80
      }
      mstore(0x40, add(t48, 2))
      mstore8(t48, and(1, 0xff))
      mstore(add(t48, 1), mload(v27))
      let v28 := t48
      let t49 := mload(0x40)
      if iszero(t49) {
        t49 := 0x80
      }
      mstore(0x40, add(t49, 3))
      mstore8(t49, and(0, 0xff))
      mstore(add(t49, 1), mload(v28))
      let v29 := t49
      let v8 := v29
      let v30 := v8
      let v31 := $deeply_nested_wildcard(v30)
      let v9 := and(v31, 0xff)
      let t50 := mload(0x40)
      if iszero(t50) {
        t50 := 0x80
      }
      mstore(0x40, add(t50, 1))
      mstore8(t50, and(2, 0xff))
      let v32 := t50
      let v10 := v32
      let t51 := mload(0x40)
      if iszero(t51) {
        t51 := 0x80
      }
      mstore(0x40, add(t51, 1))
      mstore8(t51, and(2, 0xff))
      let v33 := t51
      let t52 := mload(0x40)
      if iszero(t52) {
        t52 := 0x80
      }
      mstore(0x40, add(t52, 2))
      mstore8(t52, and(0, 0xff))
      mstore(add(t52, 1), mload(v33))
      let v34 := t52
      let v11 := v34
      let v35 := v11
      let v36 := $exhaustive_inner_outer_wildcard(v35)
      let v12 := and(v36, 0xff)
      let t53 := mload(0x40)
      if iszero(t53) {
        t53 := 0x80
      }
      mstore(0x40, add(t53, 128))
      let v37 := t53
      mstore(v37, and(and(v2, 0xff), 0xff))
      mstore(add(v37, 32), and(and(v5, 0xff), 0xff))
      mstore(add(v37, 64), and(and(v9, 0xff), 0xff))
      mstore(add(v37, 96), and(and(v12, 0xff), 0xff))
      let v13 := v37
      ret := v13
      leave
    }
    function $main_root() {
      let v0 := $main()
      stop()
    }
    function $nested_with_defaults(p0) -> ret {
      let v1 := 0
      let v9 := p0
      let t22 := and(byte(0, mload(v9)), 0xff)
      let v8 := t22
      switch and(v8, 0xff)
      case 0 {
          let v11 := add(p0, 1)
          let t23 := and(byte(0, mload(v11)), 0xff)
          let v10 := t23
          switch and(v10, 0xff)
          case 0 {
              let v14 := 0x01
              let v3 := and(v14, 0xff)
              let v15 := 0x01
              v1 := and(v15, 0xff)
          }
          default {
              let v16 := 0x00
              let v4 := and(v16, 0xff)
              let v17 := 0x00
              v1 := and(v17, 0xff)
          }
      }
      case 1 {
          let v13 := add(p0, 1)
          let t24 := and(byte(0, mload(v13)), 0xff)
          let v12 := t24
          switch and(v12, 0xff)
          case 1 {
              let v18 := 0x02
              let v6 := and(v18, 0xff)
              let v19 := 0x02
              v1 := and(v19, 0xff)
          }
          default {
              let v20 := 0x00
              let v7 := and(v20, 0xff)
              let v21 := 0x00
              v1 := and(v21, 0xff)
          }
      }
      default {
          invalid()
      }
      ret := and(v1, 0xff)
      leave
    }
    function $outer_specific_inner_wildcard(p0) -> ret {
      let v1 := 0
      let v7 := p0
      let t16 := and(byte(0, mload(v7)), 0xff)
      let v6 := t16
      switch and(v6, 0xff)
      case 0 {
          let v9 := add(p0, 1)
          let t17 := and(byte(0, mload(v9)), 0xff)
          let v8 := t17
          switch and(v8, 0xff)
          case 0 {
              let v12 := 0x01
              let v3 := and(v12, 0xff)
              let v13 := 0x01
              v1 := and(v13, 0xff)
          }
          default {
              let v14 := 0x02
              let v4 := and(v14, 0xff)
              let v15 := 0x02
              v1 := and(v15, 0xff)
          }
      }
      default {
          let v10 := 0x03
          let v5 := and(v10, 0xff)
          let v11 := 0x03
          v1 := and(v11, 0xff)
      }
      ret := and(v1, 0xff)
      leave
    }
    $main_root()
  }
}
