---
source: crates/codegen/tests/yul.rs
expression: output
input_file: tests/fixtures/match_mixed_return.fe
---
object "main" {
  code {
    function $f(p0) -> ret {
      let v9 := p0
      let t16 := and(byte(0, mload(v9)), 0xff)
      let v8 := t16
      switch and(v8, 0xff)
      case 0 {
          let v13 := 0x00
          let v3 := v13
          ret := v3
          leave
      }
      case 1 {
          let v14 := 0x01
          let v5 := v14
          let v15 := 0x01
          let v2 := v15
          let v10 := 0x01
          let v1 := v10
          let v11 := 0x01
          let v6 := v11
          let v12 := 0x02
          let v7 := v12
          ret := v7
          leave
      }
      default {
          invalid()
      }
    }
    function $main() -> ret {
      let t5 := mload(0x40)
      if iszero(t5) {
        t5 := 0x80
      }
      mstore(0x40, add(t5, 1))
      mstore8(t5, and(1, 0xff))
      let v2 := t5
      let v0 := v2
      let v3 := v0
      let v4 := $f(v3)
      let v1 := v4
      ret := v1
      leave
    }
    function $main_root() {
      let v0 := $main()
      stop()
    }
    $main_root()
  }
}
