---
source: crates/codegen/tests/yul.rs
expression: output
input_file: tests/fixtures/match_arm_return_comma.fe
---
object "main" {
  code {
    function $f(p0) -> ret {
      let v8 := p0
      let t13 := and(byte(0, mload(v8)), 0xff)
      let v7 := t13
      switch and(v7, 0xff)
      case 0 {
          let v10 := p0
          let t14 := mload(add(v10, 1))
          let v9 := t14
          mstore(add(p0, 1), v9)
          let t15 := mload(add(p0, 1))
          let v11 := t15
          let v1 := v11
          ret := v1
          leave
      }
      case 1 {
          let v12 := 0x00
          let v5 := v12
          ret := v5
          leave
      }
      default {
          invalid()
      }
    }
    function $main() -> ret {
      let v3 := 0x01
      let v0 := v3
      let v4 := 0x01
      let t8 := mload(0x40)
      if iszero(t8) {
        t8 := 0x80
      }
      mstore(0x40, add(t8, 33))
      mstore8(t8, and(0, 0xff))
      mstore(add(t8, 1), v4)
      let v5 := t8
      let v1 := v5
      let v6 := v1
      let v7 := $f(v6)
      let v2 := v7
      ret := v2
      leave
    }
    function $main_root() {
      let v0 := $main()
      stop()
    }
    $main_root()
  }
}
