---
source: crates/codegen/tests/yul.rs
expression: output
input_file: tests/fixtures/match_return.fe
---
object "main" {
  code {
    function $f(p0, p1) {
      let v10 := p0
      let t19 := and(byte(0, mload(v10)), 0xff)
      let v9 := t19
      switch and(v9, 0xff)
      case 0 {
          let v11 := 0x00
          let v3 := v11
          let v12 := 0x00
          let v4 := v12
          $return_data(v3, v4)
          invalid()
      }
      case 1 {
          let v15 := 0x00
          let v6 := v15
          let v16 := 0x00
          let v7 := v16
          $return_data(v6, v7)
          invalid()
      }
      default {
          invalid()
      }
    }
    function $main(p0) {
      let t7 := mload(0x40)
      if iszero(t7) {
        t7 := 0x80
      }
      mstore(0x40, add(t7, 1))
      mstore8(t7, and(0, 0xff))
      let v3 := t7
      let v1 := v3
      let v5 := v1
      $f(v5, p0)
      invalid()
    }
    function $main_root() {
      let t3 := mload(0x40)
      if iszero(t3) {
        t3 := 0x80
      }
      mstore(0x40, add(t3, 0))
      let v0 := t3
      let v1 := v0
      $main(v1)
      stop()
    }
    function $return_data(p0, p1) {
      let v3 := p0
      let v4 := p1
      return(v3, v4)
    }
    $main_root()
  }
}
