---
source: crates/codegen/tests/yul.rs
expression: output
input_file: tests/fixtures/newtype_storage_byplace_effect_arg.fe
---
object "NewtypeByPlaceEffectArg" {
  code {
    function $__NewtypeByPlaceEffectArg_init() {
      leave
    }
    function $contract_init_abi_NewtypeByPlaceEffectArg() {
      let v0 := 0
      v0 := 0
      let v1 := callvalue()
      let v2 := iszero(iszero(iszero(eq(v1, v0))))
      if iszero(iszero(v2)) {
        revert(v0, v0)
      }
      if iszero(iszero(iszero(v2))) {
        $__NewtypeByPlaceEffectArg_init()
        leave
      }
    }
    function $contract_init_root_NewtypeByPlaceEffectArg() {
      let v0 := 0
      $contract_init_abi_NewtypeByPlaceEffectArg()
      let v2 := dataoffset("NewtypeByPlaceEffectArg_runtime")
      let v3 := datasize("NewtypeByPlaceEffectArg_runtime")
      datacopy(v0, v2, v3)
      return(v0, v3)
    }
    $contract_init_root_NewtypeByPlaceEffectArg()
  }
  object "NewtypeByPlaceEffectArg_runtime" {
    code {
      function $__NewtypeByPlaceEffectArg_recv_0_0_eff0_stor(p0, p1) -> ret {
        let v7 := p0
        $bump_eff0_stor(v7)
        let v9 := p1
        let v3 := v9
        let v10 := 0x01
        let v4 := v10
        let t16 := sload(v3)
        let v12 := t16
        let t17 := add(v12, v4)
        if lt(t17, v12) {
          mstore(0, 0x4e487b7100000000000000000000000000000000000000000000000000000000)
          mstore(4, 0x11)
          revert(0, 36)
        }
        let v13 := t17
        sstore(v3, v13)
        let t18 := sload(p1)
        let v15 := t18
        ret := v15
        leave
      }
      function $abi_field_size(p0) -> ret {
        let v1 := 0
        let v9 := $core$lib$abi$trait$AbiSize$payload_size$ge513_a5ce(p0)
        let v2 := v9
        v1 := v2
        let v10 := 0
        let v4 := iszero(iszero(v10))
        if iszero(iszero(v4)) {
          let v11 := 0x20
          let v5 := v11
          let t13 := add(v5, v1)
          if lt(t13, v5) {
            mstore(0, 0x4e487b7100000000000000000000000000000000000000000000000000000000)
            mstore(4, 0x11)
            revert(0, 36)
          }
          let v12 := t13
          let v6 := v12
          ret := v6
          leave
        }
        if iszero(iszero(iszero(v4))) {
          ret := v1
          leave
        }
      }
      function $abi_single_root_size(p0) -> ret {
        let v2 := $abi_field_size(p0)
        let v1 := v2
        ret := v1
        leave
      }
      function $base(p0) -> ret {
        let t2 := mload(p0)
        let v1 := t2
        ret := v1
        leave
      }
      function $bump_eff0_stor(p0) {
        let v4 := p0
        let v1 := v4
        let v5 := 0x01
        let v2 := v5
        let t10 := sload(v1)
        let v7 := t10
        let t11 := add(v7, v2)
        if lt(t11, v7) {
          mstore(0, 0x4e487b7100000000000000000000000000000000000000000000000000000000)
          mstore(4, 0x11)
          revert(0, 36)
        }
        let v8 := t11
        sstore(v1, v8)
        leave
      }
      function $contract_recv_abi_NewtypeByPlaceEffectArg_1() {
        let v0 := 0
        let v1 := 0
        v0 := 0
        v1 := 0x04
        let v2 := callvalue()
        let v3 := iszero(iszero(iszero(eq(v2, v0))))
        if iszero(iszero(v3)) {
          revert(v0, v0)
        }
        if iszero(iszero(iszero(v3))) {
          let v4 := calldatasize()
          let t19 := sub(v4, v1)
          if gt(v1, v4) {
            mstore(0, 0x4e487b7100000000000000000000000000000000000000000000000000000000)
            mstore(4, 0x11)
            revert(0, 36)
          }
          let v5 := t19
          let t20 := mload(0x40)
          if iszero(t20) {
            t20 := 0x80
          }
          mstore(0x40, add(t20, v5))
          let v6 := t20
          calldatacopy(v6, v1, v5)
          let r8 := mload(0x40)
          if iszero(r8) {
            r8 := 0x80
          }
          mstore(0x40, add(r8, 64))
          mstore(r8, v6)
          mstore(add(r8, 32), v5)
          let r9 := mload(0x40)
          if iszero(r9) {
            r9 := 0x80
          }
          mstore(0x40, add(r9, 128))
          mstore(r9, mload($decoder_new(r8)))
          mstore(add(r9, 32), mload(add($decoder_new(r8), 32)))
          mstore(add(r9, 64), mload(add($decoder_new(r8), 64)))
          mstore(add(r9, 96), mload(add($decoder_new(r8), 96)))
          let v10 := r9
          $decode_payload(v10)
          let v12 := 1
          let v13 := 0
          let v14 := $__NewtypeByPlaceEffectArg_recv_0_0_eff0_stor(v12, v13)
          let v15 := $encode_single_root_alloc(v14)
          let v16 := v15
          let t21 := mload(v16)
          let v17 := t21
          let t22 := mload(add(v16, 32))
          let v18 := t22
          return(v17, v18)
        }
      }
      function $contract_runtime_root_NewtypeByPlaceEffectArg() {
        let v0 := 0
        v0 := 0
        let v1 := shr(224, calldataload(0))
        let v2 := 0x01
        let v3 := iszero(iszero(eq(and(v1, 0xffffffff), and(v2, 0xffffffff))))
        if iszero(iszero(v3)) {
          $contract_recv_abi_NewtypeByPlaceEffectArg_1()
          invalid()
        }
        if iszero(iszero(iszero(v3))) {
          revert(v0, v0)
        }
      }
      function $decode_payload(p0) {
        leave
      }
      function $decoder_new(p0) -> ret {
        let v2 := $impl$SolDecoder$new$g463e(p0)
        let v1 := v2
        ret := v1
        leave
      }
      function $encode(p0, p1) {
        $std$lib$abi$sol$impl_trait$SolEncoder$19ce$write_word_8b2d(p1, p0)
        leave
      }
      function $encode_field(p0, p1, p2) {
        let v38 := 0
        let v9 := iszero(iszero(v38))
        if iszero(iszero(v9)) {
          let v39 := $base(p1)
          let v10 := v39
          let v3 := v10
          let v4 := p2
          let v40 := $core$lib$abi$trait$AbiSize$payload_size$ge513_a5ce_0(p0)
          let v11 := v40
          let v5 := v11
          let v12 := v4
          let t72 := mload(v12)
          let v41 := t72
          let v42 := sub(v41, v3)
          let v13 := v42
          $std$lib$abi$sol$impl_trait$SolEncoder$19ce$write_word_a98a(p1, v13)
          let v45 := $pos(p1)
          let v15 := v45
          let v6 := v15
          let t73 := mload(v4)
          let v47 := t73
          $set_base(p1, v47)
          let t74 := mload(v4)
          let v50 := t74
          $set_pos(p1, v50)
          let v52 := p1
          let v18 := v52
          $encode(p0, v18)
          $set_base(p1, v3)
          $set_pos(p1, v6)
          let v22 := v4
          let t75 := mload(v22)
          let v59 := t75
          let v60 := add(v59, v5)
          let v23 := v60
          mstore(p2, v23)
          leave
        }
        if iszero(iszero(iszero(v9))) {
          let v61 := 1
          let v28 := iszero(iszero(v61))
          if iszero(iszero(v28)) {
            let v62 := $pos(p1)
            let v29 := v62
            let v7 := v29
            $encode_to_ptr(p0, v7)
            let v65 := 0x20
            let v31 := v65
            let v66 := add(v7, v31)
            let v32 := v66
            $set_pos(p1, v32)
            leave
          }
          if iszero(iszero(iszero(v28))) {
            let v69 := p1
            let v36 := v69
            $encode(p0, v36)
            leave
          }
        }
      }
      function $encode_single_root(p0, p1) {
        let v9 := $base(p1)
        let v3 := v9
        let v10 := 0x20
        let v4 := v10
        let v11 := add(v3, v4)
        let v5 := v11
        let r2 := mload(0x40)
        if iszero(r2) {
          r2 := 0x80
        }
        mstore(0x40, add(r2, 32))
        mstore(r2, v5)
        let v12 := p1
        let v6 := v12
        let v13 := r2
        let v7 := v13
        $encode_field(p0, v6, v7)
        leave
      }
      function $encode_single_root_alloc(p0) -> ret {
        let v10 := $abi_single_root_size(p0)
        let v4 := v10
        let v1 := v4
        let v11 := $encoder_new(v1)
        let v5 := v11
        let v12 := v5
        let v2 := v12
        let v13 := $base(v2)
        let v6 := v13
        let v3 := v6
        let v14 := v2
        let v7 := v14
        $encode_single_root(p0, v7)
        let t18 := mload(0x40)
        if iszero(t18) {
          t18 := 0x80
        }
        mstore(0x40, add(t18, 64))
        let v17 := t18
        mstore(v17, v3)
        mstore(add(v17, 32), v1)
        let v9 := v17
        ret := v9
        leave
      }
      function $encode_to_ptr(p0, p1) {
        let v2 := p1
        $store_word(v2, p0)
        leave
      }
      function $encoder_new(p0) -> ret {
        let v1 := p0
        let v3 := $impl$SolEncoder$new(v1)
        let v2 := v3
        ret := v2
        leave
      }
      function $impl$SolDecoder$new$g463e(p0) -> ret {
        let v4 := $impl$Cursor$new$g463e(p0)
        let v1 := v4
        let v5 := 0x00
        let v2 := v5
        let t7 := mload(0x40)
        if iszero(t7) {
          t7 := 0x80
        }
        mstore(0x40, add(t7, 128))
        let v6 := t7
        mstore(v6, mload(v1))
        mstore(add(v6, 32), mload(add(v1, 32)))
        mstore(add(v6, 64), mload(add(v1, 64)))
        mstore(add(v6, 96), v2)
        let v3 := v6
        ret := v3
        leave
      }
      function $impl$SolEncoder$new(p0) -> ret {
        let v2 := 0
        let v3 := p0
        let v10 := 0x00
        let v4 := v10
        let v11 := iszero(iszero(eq(v3, v4)))
        let v5 := iszero(iszero(v11))
        if iszero(iszero(v5)) {
          let v12 := 0x00
          let v6 := v12
          let v13 := 0x00
          v2 := v13
        }
        if iszero(iszero(iszero(v5))) {
          let v7 := p0
          let t17 := mload(0x40)
          if iszero(t17) {
            t17 := 0x80
          }
          mstore(0x40, add(t17, v7))
          let v15 := t17
          let v8 := v15
          v2 := v8
        }
        let v1 := v2
        let t18 := mload(0x40)
        if iszero(t18) {
          t18 := 0x80
        }
        mstore(0x40, add(t18, 64))
        let v16 := t18
        mstore(v16, v1)
        mstore(add(v16, 32), v1)
        let v9 := v16
        ret := v9
        leave
      }
      function $impl$Cursor$new$g463e(p0) -> ret {
        let v3 := 0x00
        let v1 := v3
        let t5 := mload(0x40)
        if iszero(t5) {
          t5 := 0x80
        }
        mstore(0x40, add(t5, 96))
        let v4 := t5
        mstore(v4, mload(p0))
        mstore(add(v4, 32), mload(add(p0, 32)))
        mstore(add(v4, 64), v1)
        let v2 := v4
        ret := v2
        leave
      }
      function $core$lib$abi$trait$AbiSize$payload_size$ge513_a5ce_0(p0) -> ret {
        let v2 := 0x20
        let v1 := v2
        ret := v1
        leave
      }
      function $core$lib$abi$trait$AbiSize$payload_size$ge513_a5ce(p0) -> ret {
        let v2 := 0x20
        let v1 := v2
        ret := v1
        leave
      }
      function $pos(p0) -> ret {
        let t2 := mload(add(p0, 32))
        let v1 := t2
        ret := v1
        leave
      }
      function $set_base(p0, p1) {
        let v2 := p1
        mstore(p0, v2)
        leave
      }
      function $set_pos(p0, p1) {
        let v2 := p1
        mstore(add(p0, 32), v2)
        leave
      }
      function $store_word(p0, p1) {
        let v2 := p0
        let v3 := p1
        mstore(v2, v3)
        leave
      }
      function $std$lib$abi$sol$impl_trait$SolEncoder$19ce$write_word_8b2d(p0, p1) {
        let t13 := mload(add(p0, 32))
        let v3 := t13
        let v2 := v3
        let v4 := p1
        mstore(v2, v4)
        let v11 := 0x20
        let v6 := v11
        let v12 := add(v2, v6)
        let v7 := v12
        mstore(add(p0, 32), v7)
        leave
      }
      function $std$lib$abi$sol$impl_trait$SolEncoder$19ce$write_word_a98a(p0, p1) {
        let t13 := mload(add(p0, 32))
        let v3 := t13
        let v2 := v3
        let v4 := p1
        mstore(v2, v4)
        let v11 := 0x20
        let v6 := v11
        let v12 := add(v2, v6)
        let v7 := v12
        mstore(add(p0, 32), v7)
        leave
      }
      $contract_runtime_root_NewtypeByPlaceEffectArg()
    }
  }
}
