---
source: crates/codegen/tests/yul.rs
expression: output
input_file: tests/fixtures/ref_is_not_a_copy.fe
---
object "main" {
  code {
    function $abi_payload_size(p0) -> ret {
      let v2 := $payload_size$geb2e(p0)
      let v1 := v2
      ret := v1
      leave
    }
    function $assert(p0) {
      let v7 := iszero(iszero(iszero(iszero(iszero(p0)))))
      let v2 := iszero(iszero(v7))
      if iszero(iszero(v2)) {
        let v8 := 0x01
        let v3 := v8
        let v9 := 0x01
        let v10 := v9
        let v4 := v10
        $revert_error(v4)
        invalid()
      }
      if iszero(iszero(iszero(v2))) {
        leave
      }
    }
    function $std$lib$abi$sol$impl_trait$SolEncoder$19ce$base_28e3(p0) -> ret {
      let t2 := mload(p0)
      let v1 := t2
      ret := v1
      leave
    }
    function $std$lib$abi$sol$impl_trait$SolEncoder$19ce$base_82b2(p0) -> ret {
      let t2 := mload(p0)
      let v1 := t2
      ret := v1
      leave
    }
    function $std$lib$abi$sol$impl_trait$SolEncoder$19ce$base_f82f(p0) -> ret {
      let t2 := mload(p0)
      let v1 := t2
      ret := v1
      leave
    }
    function $copy_words(p0, p1, p2) {
      let r3 := mload(0x40)
      if iszero(r3) {
        r3 := 0x80
      }
      mstore(0x40, add(r3, 32))
      let v16 := 0x00
      let v4 := v16
      let v17 := 0x00
      mstore(r3, v17)
      for {} 1 {} {
        let v18 := iszero(iszero(lt(mload(r3), p2)))
        let v5 := iszero(iszero(v18))
        if iszero(iszero(v5)) {
          let v6 := p0
          let t31 := add(v6, mload(r3))
          if lt(t31, v6) {
            mstore(0, 0x4e487b7100000000000000000000000000000000000000000000000000000000)
            mstore(4, 0x11)
            revert(0, 36)
          }
          let v19 := t31
          let v7 := v19
          let v8 := p1
          let t32 := add(v8, mload(r3))
          if lt(t32, v8) {
            mstore(0, 0x4e487b7100000000000000000000000000000000000000000000000000000000)
            mstore(4, 0x11)
            revert(0, 36)
          }
          let v20 := t32
          let v9 := v20
          let v22 := mload(v9)
          let v10 := v22
          mstore(v7, v10)
          let v25 := r3
          let v12 := v25
          let v26 := 0x20
          let v13 := v26
          let t33 := mload(v12)
          let v28 := t33
          let t34 := add(v28, v13)
          if lt(t34, v28) {
            mstore(0, 0x4e487b7100000000000000000000000000000000000000000000000000000000)
            mstore(4, 0x11)
            revert(0, 36)
          }
          let v29 := t34
          mstore(v12, v29)
          continue
        }
        if iszero(iszero(iszero(v5))) {
          break
        }
      }
      leave
    }
    function $dynamic_payload_size(p0) -> ret {
      let v7 := 0
      let v2 := iszero(iszero(v7))
      if iszero(iszero(v2)) {
        let v8 := $core$lib$abi$trait$AbiSize$payload_size$ge513_7da2(p0)
        let v3 := v8
        ret := v3
        leave
      }
      if iszero(iszero(iszero(v2))) {
        let v9 := 0x00
        let v6 := v9
        ret := v6
        leave
      }
    }
    function $encode$g9c6f(p0, p1) {
      let r0 := mload(0x40)
      if iszero(r0) {
        r0 := 0x80
      }
      mstore(0x40, add(r0, 32))
      mstore(r0, p0)
      let v13 := $std$lib$abi$sol$impl_trait$SolEncoder$19ce$base_28e3(p1)
      let v4 := v13
      let v14 := 0x20
      let v5 := v14
      let t21 := add(v4, v5)
      if lt(t21, v4) {
        mstore(0, 0x4e487b7100000000000000000000000000000000000000000000000000000000)
        mstore(4, 0x11)
        revert(0, 36)
      }
      let v15 := t21
      let v6 := v15
      let r2 := mload(0x40)
      if iszero(r2) {
        r2 := 0x80
      }
      mstore(0x40, add(r2, 32))
      mstore(r2, v6)
      let t22 := mload(r0)
      let v7 := t22
      let v3 := v7
      let v16 := r2
      let v8 := v16
      $encode_field(v3, p1, v8)
      let v19 := $dynamic_payload_size(v3)
      let v10 := v19
      let t23 := add(mload(r2), v10)
      if lt(t23, mload(r2)) {
        mstore(0, 0x4e487b7100000000000000000000000000000000000000000000000000000000)
        mstore(4, 0x11)
        revert(0, 36)
      }
      let v20 := t23
      let v11 := v20
      mstore(r2, v11)
      leave
    }
    function $encode$g426c(p0, p1) {
      $std$lib$abi$sol$impl_trait$SolEncoder$19ce$write_word_4c7a(p1, p0)
      leave
    }
    function $encode_abi_payload(p0) -> ret {
      let v2 := $encode_alloc(p0)
      let v1 := v2
      ret := v1
      leave
    }
    function $encode_alloc(p0) -> ret {
      let t19 := mload(0x40)
      if iszero(t19) {
        t19 := 0x80
      }
      mstore(0x40, add(t19, 32))
      mstore(t19, p0)
      let v10 := t19
      let v11 := $abi_payload_size(v10)
      let v4 := v11
      let v1 := v4
      let v12 := $encoder_new(v1)
      let v5 := v12
      let v13 := v5
      let v2 := v13
      let v14 := $std$lib$abi$sol$impl_trait$SolEncoder$19ce$base_f82f(v2)
      let v6 := v14
      let v3 := v6
      let v15 := v2
      let v7 := v15
      $encode$g9c6f(p0, v7)
      let t20 := mload(0x40)
      if iszero(t20) {
        t20 := 0x80
      }
      mstore(0x40, add(t20, 64))
      let v18 := t20
      mstore(v18, v3)
      mstore(add(v18, 32), v1)
      let v9 := v18
      ret := v9
      leave
    }
    function $encode_calldata(p0, p1) -> ret {
      let v23 := 0x04
      let v6 := v23
      let v24 := 0x04
      let v2 := v24
      let v7 := and(p0, 0xffffffff)
      let v8 := and(v7, 0xffffffff)
      let v25 := 0xe0
      let v9 := v25
      let v26 := shl(v9, v8)
      let v10 := v26
      let v3 := v10
      let v27 := $encode_abi_payload(p1)
      let v11 := v27
      let v28 := v11
      let v4 := v28
      let t39 := mload(add(v4, 32))
      let v12 := t39
      let t40 := add(v2, v12)
      if lt(t40, v2) {
        mstore(0, 0x4e487b7100000000000000000000000000000000000000000000000000000000)
        mstore(4, 0x11)
        revert(0, 36)
      }
      let v29 := t40
      let v13 := v29
      let t41 := mload(0x40)
      if iszero(t41) {
        t41 := 0x80
      }
      mstore(0x40, add(t41, v13))
      let v31 := t41
      let v14 := v31
      let v5 := v14
      mstore(v5, v3)
      let t42 := add(v5, v2)
      if lt(t42, v5) {
        mstore(0, 0x4e487b7100000000000000000000000000000000000000000000000000000000)
        mstore(4, 0x11)
        revert(0, 36)
      }
      let v34 := t42
      let v16 := v34
      let t43 := mload(v4)
      let v17 := t43
      let t44 := mload(add(v4, 32))
      let v18 := t44
      $copy_words(v16, v17, v18)
      let t45 := mload(add(v4, 32))
      let v20 := t45
      let t46 := add(v2, v20)
      if lt(t46, v2) {
        mstore(0, 0x4e487b7100000000000000000000000000000000000000000000000000000000)
        mstore(4, 0x11)
        revert(0, 36)
      }
      let v37 := t46
      let v21 := v37
      let t47 := mload(0x40)
      if iszero(t47) {
        t47 := 0x80
      }
      mstore(0x40, add(t47, 64))
      let v38 := t47
      mstore(v38, v5)
      mstore(add(v38, 32), v21)
      let v22 := v38
      ret := v22
      leave
    }
    function $encode_field(p0, p1, p2) {
      let v38 := 0
      let v9 := iszero(iszero(v38))
      if iszero(iszero(v9)) {
        let v39 := $std$lib$abi$sol$impl_trait$SolEncoder$19ce$base_82b2(p1)
        let v10 := v39
        let v3 := v10
        let v4 := p2
        let v40 := $core$lib$abi$trait$AbiSize$payload_size$ge513_98c3(p0)
        let v11 := v40
        let v5 := v11
        let v12 := v4
        let t72 := mload(v12)
        let v41 := t72
        let v42 := sub(v41, v3)
        let v13 := v42
        $std$lib$abi$sol$impl_trait$SolEncoder$19ce$write_word_d090(p1, v13)
        let v45 := $pos(p1)
        let v15 := v45
        let v6 := v15
        let t73 := mload(v4)
        let v47 := t73
        $set_base(p1, v47)
        let t74 := mload(v4)
        let v50 := t74
        $set_pos(p1, v50)
        let v52 := p1
        let v18 := v52
        $encode$g426c(p0, v18)
        $set_base(p1, v3)
        $set_pos(p1, v6)
        let v22 := v4
        let t75 := mload(v22)
        let v59 := t75
        let v60 := add(v59, v5)
        let v23 := v60
        mstore(p2, v23)
        leave
      }
      if iszero(iszero(iszero(v9))) {
        let v61 := 1
        let v28 := iszero(iszero(v61))
        if iszero(iszero(v28)) {
          let v62 := $pos(p1)
          let v29 := v62
          let v7 := v29
          $encode_to_ptr(p0, v7)
          let v65 := 0x20
          let v31 := v65
          let v66 := add(v7, v31)
          let v32 := v66
          $set_pos(p1, v32)
          leave
        }
        if iszero(iszero(iszero(v28))) {
          let v69 := p1
          let v36 := v69
          $encode$g426c(p0, v36)
          leave
        }
      }
    }
    function $encode_to_ptr(p0, p1) {
      let v2 := p1
      $store_word(v2, p0)
      leave
    }
    function $encoder_new(p0) -> ret {
      let v1 := p0
      let v3 := $new(v1)
      let v2 := v3
      ret := v2
      leave
    }
    function $live_view(p0) -> ret {
      let v4 := p0
      let v1 := v4
      let v5 := add(p0, 32)
      let v2 := v5
      let t7 := mload(0x40)
      if iszero(t7) {
        t7 := 0x80
      }
      mstore(0x40, add(t7, 64))
      let v6 := t7
      mstore(v6, v1)
      mstore(add(v6, 32), v2)
      let v3 := v6
      ret := v3
      leave
    }
    function $main() {
      $test_ref_is_not_a_copy()
      leave
    }
    function $main_root() {
      $main()
      stop()
    }
    function $new(p0) -> ret {
      let v2 := 0
      let v3 := p0
      let v10 := 0x00
      let v4 := v10
      let v11 := iszero(iszero(eq(v3, v4)))
      let v5 := iszero(iszero(v11))
      if iszero(iszero(v5)) {
        let v12 := 0x00
        let v6 := v12
        let v13 := 0x00
        v2 := v13
      }
      if iszero(iszero(iszero(v5))) {
        let v7 := p0
        let t17 := mload(0x40)
        if iszero(t17) {
          t17 := 0x80
        }
        mstore(0x40, add(t17, v7))
        let v15 := t17
        let v8 := v15
        v2 := v8
      }
      let v1 := v2
      let t18 := mload(0x40)
      if iszero(t18) {
        t18 := 0x80
      }
      mstore(0x40, add(t18, 64))
      let v16 := t18
      mstore(v16, v1)
      mstore(add(v16, 32), v1)
      let v9 := v16
      ret := v9
      leave
    }
    function $core$lib$abi$trait$AbiSize$payload_size$ge513_7da2(p0) -> ret {
      let v2 := 0x20
      let v1 := v2
      ret := v1
      leave
    }
    function $payload_size$geb2e(p0) -> ret {
      let v2 := 0x20
      let v1 := v2
      ret := v1
      leave
    }
    function $core$lib$abi$trait$AbiSize$payload_size$ge513_98c3(p0) -> ret {
      let v2 := 0x20
      let v1 := v2
      ret := v1
      leave
    }
    function $pos(p0) -> ret {
      let t2 := mload(add(p0, 32))
      let v1 := t2
      ret := v1
      leave
    }
    function $revert_error(p0) {
      let v8 := 0x4e487b71
      let v3 := and(v8, 0xffffffff)
      let v9 := $encode_calldata(and(v3, 0xffffffff), p0)
      let v10 := v9
      let v4 := v10
      let t13 := mload(v4)
      let v5 := t13
      let v1 := v5
      let t14 := mload(add(v4, 32))
      let v6 := t14
      let v2 := v6
      revert(v1, v2)
    }
    function $set_base(p0, p1) {
      let v2 := p1
      mstore(p0, v2)
      leave
    }
    function $set_pos(p0, p1) {
      let v2 := p1
      mstore(add(p0, 32), v2)
      leave
    }
    function $store_word(p0, p1) {
      let v2 := p0
      let v3 := p1
      mstore(v2, v3)
      leave
    }
    function $test_ref_is_not_a_copy() {
      let v19 := 0x0a
      let v4 := v19
      let v20 := 0x14
      let v5 := v20
      let v21 := 0x0a
      let v22 := 0x14
      let v23 := dataoffset("const_0")
      let v6 := v23
      let v25 := 0x0a
      let v26 := 0x14
      let t41 := mload(0x40)
      if iszero(t41) {
        t41 := 0x80
      }
      mstore(0x40, add(t41, 64))
      let v27 := t41
      mstore(v27, v25)
      mstore(add(v27, 32), v26)
      let v0 := v27
      let v28 := v0
      let v7 := v28
      let v29 := $live_view(v7)
      let v8 := v29
      let v30 := v8
      let v1 := v30
      let t42 := mload(v1)
      let v9 := t42
      let v2 := v9
      let t43 := mload(add(v1, 32))
      let v10 := t43
      let v3 := v10
      let v11 := v2
      let v31 := 0x0a
      let v12 := v31
      let t44 := mload(v11)
      let v32 := t44
      let v33 := iszero(iszero(eq(v32, v12)))
      let v13 := iszero(iszero(v33))
      $assert(iszero(iszero(v13)))
      let v15 := v3
      let v36 := 0x14
      let v16 := v36
      let t45 := mload(v15)
      let v37 := t45
      let v38 := iszero(iszero(eq(v37, v16)))
      let v17 := iszero(iszero(v38))
      $assert(iszero(iszero(v17)))
      leave
    }
    function $std$lib$abi$sol$impl_trait$SolEncoder$19ce$write_word_4c7a(p0, p1) {
      let t13 := mload(add(p0, 32))
      let v3 := t13
      let v2 := v3
      let v4 := p1
      mstore(v2, v4)
      let v11 := 0x20
      let v6 := v11
      let v12 := add(v2, v6)
      let v7 := v12
      mstore(add(p0, 32), v7)
      leave
    }
    function $std$lib$abi$sol$impl_trait$SolEncoder$19ce$write_word_d090(p0, p1) {
      let t13 := mload(add(p0, 32))
      let v3 := t13
      let v2 := v3
      let v4 := p1
      mstore(v2, v4)
      let v11 := 0x20
      let v6 := v11
      let v12 := add(v2, v6)
      let v7 := v12
      mstore(add(p0, 32), v7)
      leave
    }
    $main_root()
  }
  data "const_0" hex"000000000000000000000000000000000000000000000000000000000000000a0000000000000000000000000000000000000000000000000000000000000014"
}
