---
source: crates/codegen/tests/yul.rs
expression: output
input_file: tests/fixtures/tuple_return_contract.fe
---
object "TupleReturnContract" {
  code {
    function $contract_init_abi_TupleReturnContract() {
      let v0 := 0
      v0 := 0
      let v1 := callvalue()
      let v2 := iszero(iszero(iszero(eq(v1, v0))))
      if iszero(iszero(v2)) {
        revert(v0, v0)
      }
      if iszero(iszero(iszero(v2))) {
        leave
      }
    }
    function $contract_init_root_TupleReturnContract() {
      let v0 := 0
      $contract_init_abi_TupleReturnContract()
      let v2 := dataoffset("TupleReturnContract_runtime")
      let v3 := datasize("TupleReturnContract_runtime")
      datacopy(v0, v2, v3)
      return(v0, v3)
    }
    $contract_init_root_TupleReturnContract()
  }
  object "TupleReturnContract_runtime" {
    code {
      function $__TupleReturnContract_recv_0_0() -> ret {
        let v3 := 0x2a
        let v0 := v3
        let v4 := $zero()
        let v1 := v4
        let t6 := mload(0x40)
        if iszero(t6) {
          t6 := 0x80
        }
        mstore(0x40, add(t6, 64))
        let v5 := t6
        mstore(v5, v0)
        mstore(add(v5, 32), v1)
        let v2 := v5
        ret := v2
        leave
      }
      function $abi_field_size(p0) -> ret {
        let r0 := mload(0x40)
        if iszero(r0) {
          r0 := 0x80
        }
        mstore(0x40, add(r0, 64))
        let v1 := 0
        mstore(r0, mload(p0))
        mstore(add(r0, 32), mload(add(p0, 32)))
        let v9 := $core$lib$abi$impl_trait$__$ccb6$payload_size$g6d15_a0d1(r0)
        let v2 := v9
        v1 := v2
        let v10 := 0
        let v4 := iszero(iszero(v10))
        if iszero(iszero(v4)) {
          let v11 := 0x20
          let v5 := v11
          let t13 := add(v5, v1)
          if lt(t13, v5) {
            mstore(0, 0x4e487b7100000000000000000000000000000000000000000000000000000000)
            mstore(4, 0x11)
            revert(0, 36)
          }
          let v12 := t13
          let v6 := v12
          ret := v6
          leave
        }
        if iszero(iszero(iszero(v4))) {
          ret := v1
          leave
        }
      }
      function $abi_single_root_size(p0) -> ret {
        let r0 := mload(0x40)
        if iszero(r0) {
          r0 := 0x80
        }
        mstore(0x40, add(r0, 64))
        mstore(r0, mload(p0))
        mstore(add(r0, 32), mload(add(p0, 32)))
        let v2 := $abi_field_size(r0)
        let v1 := v2
        ret := v1
        leave
      }
      function $std$lib$abi$sol$impl_trait$SolEncoder$19ce$base_26c4(p0) -> ret {
        let t2 := mload(p0)
        let v1 := t2
        ret := v1
        leave
      }
      function $std$lib$abi$sol$impl_trait$SolEncoder$19ce$base_4fb0(p0) -> ret {
        let t2 := mload(p0)
        let v1 := t2
        ret := v1
        leave
      }
      function $std$lib$abi$sol$impl_trait$SolEncoder$19ce$base_7836(p0) -> ret {
        let t2 := mload(p0)
        let v1 := t2
        ret := v1
        leave
      }
      function $std$lib$abi$sol$impl_trait$SolEncoder$19ce$base_b5f7(p0) -> ret {
        let t2 := mload(p0)
        let v1 := t2
        ret := v1
        leave
      }
      function $contract_recv_abi_TupleReturnContract_1() {
        let v0 := 0
        let v1 := 0
        v0 := 0
        v1 := 0x04
        let v2 := callvalue()
        let v3 := iszero(iszero(iszero(eq(v2, v0))))
        if iszero(iszero(v3)) {
          revert(v0, v0)
        }
        if iszero(iszero(iszero(v3))) {
          let v4 := calldatasize()
          let t17 := sub(v4, v1)
          if gt(v1, v4) {
            mstore(0, 0x4e487b7100000000000000000000000000000000000000000000000000000000)
            mstore(4, 0x11)
            revert(0, 36)
          }
          let v5 := t17
          let t18 := mload(0x40)
          if iszero(t18) {
            t18 := 0x80
          }
          mstore(0x40, add(t18, v5))
          let v6 := t18
          calldatacopy(v6, v1, v5)
          let r8 := mload(0x40)
          if iszero(r8) {
            r8 := 0x80
          }
          mstore(0x40, add(r8, 64))
          mstore(r8, v6)
          mstore(add(r8, 32), v5)
          let r9 := mload(0x40)
          if iszero(r9) {
            r9 := 0x80
          }
          mstore(0x40, add(r9, 128))
          mstore(r9, mload($decoder_new(r8)))
          mstore(add(r9, 32), mload(add($decoder_new(r8), 32)))
          mstore(add(r9, 64), mload(add($decoder_new(r8), 64)))
          mstore(add(r9, 96), mload(add($decoder_new(r8), 96)))
          let v10 := r9
          $decode_payload(v10)
          let v12 := $__TupleReturnContract_recv_0_0()
          let v13 := $encode_single_root_alloc(v12)
          let v14 := v13
          let t19 := mload(v14)
          let v15 := t19
          let t20 := mload(add(v14, 32))
          let v16 := t20
          return(v15, v16)
        }
      }
      function $contract_runtime_root_TupleReturnContract() {
        let v0 := 0
        v0 := 0
        let v1 := shr(224, calldataload(0))
        switch and(v1, 0xffffffff)
        case 0x01 {
            $contract_recv_abi_TupleReturnContract_1()
            invalid()
        }
        default {
            revert(v0, v0)
        }
      }
      function $decode_payload(p0) {
        leave
      }
      function $decoder_new(p0) -> ret {
        let v2 := $impl$SolDecoder$new$g463e(p0)
        let v1 := v2
        ret := v1
        leave
      }
      function $core$lib$abi$dynamic_payload_size$g67a8_28b9(p0) -> ret {
        let v7 := 0
        let v2 := iszero(iszero(v7))
        if iszero(iszero(v2)) {
          let v8 := $core$lib$abi$trait$AbiSize$payload_size$g67a8_a4dc(p0)
          let v3 := v8
          ret := v3
          leave
        }
        if iszero(iszero(iszero(v2))) {
          let v9 := 0x00
          let v6 := v9
          ret := v6
          leave
        }
      }
      function $core$lib$abi$dynamic_payload_size$ge513_535c(p0) -> ret {
        let v7 := 0
        let v2 := iszero(iszero(v7))
        if iszero(iszero(v2)) {
          let v8 := $core$lib$abi$trait$AbiSize$payload_size$ge513_58be(p0)
          let v3 := v8
          ret := v3
          leave
        }
        if iszero(iszero(iszero(v2))) {
          let v9 := 0x00
          let v6 := v9
          ret := v6
          leave
        }
      }
      function $core$lib$abi$dynamic_payload_size$g67a8_5478(p0) -> ret {
        let v7 := 0
        let v2 := iszero(iszero(v7))
        if iszero(iszero(v2)) {
          let v8 := $core$lib$abi$trait$AbiSize$payload_size$g67a8_2840(p0)
          let v3 := v8
          ret := v3
          leave
        }
        if iszero(iszero(iszero(v2))) {
          let v9 := 0x00
          let v6 := v9
          ret := v6
          leave
        }
      }
      function $core$lib$abi$dynamic_payload_size$ge513_dc0d(p0) -> ret {
        let v7 := 0
        let v2 := iszero(iszero(v7))
        if iszero(iszero(v2)) {
          let v8 := $core$lib$abi$trait$AbiSize$payload_size$ge513_2db2(p0)
          let v3 := v8
          ret := v3
          leave
        }
        if iszero(iszero(iszero(v2))) {
          let v9 := 0x00
          let v6 := v9
          ret := v6
          leave
        }
      }
      function $encode$g4887(p0, p1) {
        let r0 := mload(0x40)
        if iszero(r0) {
          r0 := 0x80
        }
        mstore(0x40, add(r0, 64))
        mstore(r0, mload(p0))
        mstore(add(r0, 32), mload(add(p0, 32)))
        let v14 := $std$lib$abi$sol$impl_trait$SolEncoder$19ce$base_4fb0(p1)
        let v3 := v14
        let v15 := 0x40
        let v4 := v15
        let t25 := add(v3, v4)
        if lt(t25, v3) {
          mstore(0, 0x4e487b7100000000000000000000000000000000000000000000000000000000)
          mstore(4, 0x11)
          revert(0, 36)
        }
        let v16 := t25
        let v5 := v16
        let r2 := mload(0x40)
        if iszero(r2) {
          r2 := 0x80
        }
        mstore(0x40, add(r2, 32))
        mstore(r2, v5)
        let t26 := mload(r0)
        let v6 := t26
        let v17 := p1
        let v7 := v17
        let v18 := r2
        let v8 := v18
        $encode_field$g2e64(v6, v7, v8)
        let t27 := mload(add(r0, 32))
        let v10 := t27
        let v21 := p1
        let v11 := v21
        let v22 := r2
        let v12 := v22
        $encode_field$gf6b4(v10, v11, v12)
        leave
      }
      function $impl_trait$u256$encode$g426c(p0, p1) {
        $std$lib$abi$sol$impl_trait$SolEncoder$19ce$write_word_b930(p1, p0)
        leave
      }
      function $impl_trait$Address$encode$g426c(p0, p1) {
        let r0 := mload(0x40)
        if iszero(r0) {
          r0 := 0x80
        }
        mstore(0x40, add(r0, 32))
        mstore(r0, p0)
        let t6 := mload(r0)
        let v2 := t6
        $std$lib$abi$sol$impl_trait$SolEncoder$19ce$write_word_0da5(p1, v2)
        leave
      }
      function $encode_field$g189a(p0, p1, p2) {
        let v28 := 0
        let v8 := iszero(iszero(v28))
        if iszero(iszero(v8)) {
          let v29 := $std$lib$abi$sol$impl_trait$SolEncoder$19ce$base_b5f7(p1)
          let v9 := v29
          let v3 := v9
          let v4 := p2
          let v30 := $core$lib$abi$impl_trait$__$ccb6$payload_size$g6d15_2f65(p0)
          let v10 := v30
          let v5 := v10
          let v11 := v4
          let t54 := mload(v11)
          let v31 := t54
          let t55 := sub(v31, v3)
          if gt(v3, v31) {
            mstore(0, 0x4e487b7100000000000000000000000000000000000000000000000000000000)
            mstore(4, 0x11)
            revert(0, 36)
          }
          let v32 := t55
          let v12 := v32
          $std$lib$abi$sol$impl_trait$SolEncoder$19ce$write_word_c2bc(p1, v12)
          let v35 := $std$lib$abi$sol$impl_trait$SolEncoder$19ce$pos_9325(p1)
          let v14 := v35
          let v6 := v14
          let t56 := mload(v4)
          let v37 := t56
          $std$lib$abi$sol$impl_trait$SolEncoder$19ce$set_base_49da(p1, v37)
          let t57 := mload(v4)
          let v40 := t57
          $std$lib$abi$sol$impl_trait$SolEncoder$19ce$set_pos_32ab(p1, v40)
          let v42 := p1
          let v17 := v42
          $encode$g4887(p0, v17)
          $std$lib$abi$sol$impl_trait$SolEncoder$19ce$set_base_49da(p1, v3)
          $std$lib$abi$sol$impl_trait$SolEncoder$19ce$set_pos_32ab(p1, v6)
          let v21 := v4
          let t58 := mload(v21)
          let v49 := t58
          let t59 := add(v49, v5)
          if lt(t59, v49) {
            mstore(0, 0x4e487b7100000000000000000000000000000000000000000000000000000000)
            mstore(4, 0x11)
            revert(0, 36)
          }
          let v50 := t59
          let v22 := v50
          mstore(p2, v22)
          leave
        }
        if iszero(iszero(iszero(v8))) {
          let v51 := p1
          let v26 := v51
          $encode$g4887(p0, v26)
          leave
        }
      }
      function $encode_field$g2e64(p0, p1, p2) {
        let v28 := 0
        let v8 := iszero(iszero(v28))
        if iszero(iszero(v8)) {
          let v29 := $std$lib$abi$sol$impl_trait$SolEncoder$19ce$base_26c4(p1)
          let v9 := v29
          let v3 := v9
          let v4 := p2
          let v30 := $core$lib$abi$trait$AbiSize$payload_size$ge513_1e2b(p0)
          let v10 := v30
          let v5 := v10
          let v11 := v4
          let t54 := mload(v11)
          let v31 := t54
          let t55 := sub(v31, v3)
          if gt(v3, v31) {
            mstore(0, 0x4e487b7100000000000000000000000000000000000000000000000000000000)
            mstore(4, 0x11)
            revert(0, 36)
          }
          let v32 := t55
          let v12 := v32
          $std$lib$abi$sol$impl_trait$SolEncoder$19ce$write_word_142b(p1, v12)
          let v35 := $std$lib$abi$sol$impl_trait$SolEncoder$19ce$pos_ba59(p1)
          let v14 := v35
          let v6 := v14
          let t56 := mload(v4)
          let v37 := t56
          $std$lib$abi$sol$impl_trait$SolEncoder$19ce$set_base_7d91(p1, v37)
          let t57 := mload(v4)
          let v40 := t57
          $std$lib$abi$sol$impl_trait$SolEncoder$19ce$set_pos_8696(p1, v40)
          let v42 := p1
          let v17 := v42
          $impl_trait$u256$encode$g426c(p0, v17)
          $std$lib$abi$sol$impl_trait$SolEncoder$19ce$set_base_7d91(p1, v3)
          $std$lib$abi$sol$impl_trait$SolEncoder$19ce$set_pos_8696(p1, v6)
          let v21 := v4
          let t58 := mload(v21)
          let v49 := t58
          let t59 := add(v49, v5)
          if lt(t59, v49) {
            mstore(0, 0x4e487b7100000000000000000000000000000000000000000000000000000000)
            mstore(4, 0x11)
            revert(0, 36)
          }
          let v50 := t59
          let v22 := v50
          mstore(p2, v22)
          leave
        }
        if iszero(iszero(iszero(v8))) {
          let v51 := p1
          let v26 := v51
          $impl_trait$u256$encode$g426c(p0, v26)
          leave
        }
      }
      function $encode_field$gf6b4(p0, p1, p2) {
        let v28 := 0
        let v8 := iszero(iszero(v28))
        if iszero(iszero(v8)) {
          let v29 := $std$lib$abi$sol$impl_trait$SolEncoder$19ce$base_7836(p1)
          let v9 := v29
          let v3 := v9
          let v4 := p2
          let v30 := $core$lib$abi$trait$AbiSize$payload_size$g67a8_6056(p0)
          let v10 := v30
          let v5 := v10
          let v11 := v4
          let t54 := mload(v11)
          let v31 := t54
          let t55 := sub(v31, v3)
          if gt(v3, v31) {
            mstore(0, 0x4e487b7100000000000000000000000000000000000000000000000000000000)
            mstore(4, 0x11)
            revert(0, 36)
          }
          let v32 := t55
          let v12 := v32
          $std$lib$abi$sol$impl_trait$SolEncoder$19ce$write_word_72e6(p1, v12)
          let v35 := $std$lib$abi$sol$impl_trait$SolEncoder$19ce$pos_8129(p1)
          let v14 := v35
          let v6 := v14
          let t56 := mload(v4)
          let v37 := t56
          $std$lib$abi$sol$impl_trait$SolEncoder$19ce$set_base_00cc(p1, v37)
          let t57 := mload(v4)
          let v40 := t57
          $std$lib$abi$sol$impl_trait$SolEncoder$19ce$set_pos_c151(p1, v40)
          let v42 := p1
          let v17 := v42
          $impl_trait$Address$encode$g426c(p0, v17)
          $std$lib$abi$sol$impl_trait$SolEncoder$19ce$set_base_00cc(p1, v3)
          $std$lib$abi$sol$impl_trait$SolEncoder$19ce$set_pos_c151(p1, v6)
          let v21 := v4
          let t58 := mload(v21)
          let v49 := t58
          let t59 := add(v49, v5)
          if lt(t59, v49) {
            mstore(0, 0x4e487b7100000000000000000000000000000000000000000000000000000000)
            mstore(4, 0x11)
            revert(0, 36)
          }
          let v50 := t59
          let v22 := v50
          mstore(p2, v22)
          leave
        }
        if iszero(iszero(iszero(v8))) {
          let v51 := p1
          let v26 := v51
          $impl_trait$Address$encode$g426c(p0, v26)
          leave
        }
      }
      function $encode_single_root(p0, p1) {
        let v9 := $std$lib$abi$sol$impl_trait$SolEncoder$19ce$base_b5f7(p1)
        let v3 := v9
        let v10 := 0x40
        let v4 := v10
        let t16 := add(v3, v4)
        if lt(t16, v3) {
          mstore(0, 0x4e487b7100000000000000000000000000000000000000000000000000000000)
          mstore(4, 0x11)
          revert(0, 36)
        }
        let v11 := t16
        let v5 := v11
        let r2 := mload(0x40)
        if iszero(r2) {
          r2 := 0x80
        }
        mstore(0x40, add(r2, 32))
        mstore(r2, v5)
        let v12 := p1
        let v6 := v12
        let v13 := r2
        let v7 := v13
        $encode_field$g189a(p0, v6, v7)
        leave
      }
      function $encode_single_root_alloc(p0) -> ret {
        let v10 := $abi_single_root_size(p0)
        let v4 := v10
        let v1 := v4
        let v11 := $encoder_new(v1)
        let v5 := v11
        let v12 := v5
        let v2 := v12
        let v13 := $std$lib$abi$sol$impl_trait$SolEncoder$19ce$base_b5f7(v2)
        let v6 := v13
        let v3 := v6
        let v14 := v2
        let v7 := v14
        $encode_single_root(p0, v7)
        let t18 := mload(0x40)
        if iszero(t18) {
          t18 := 0x80
        }
        mstore(0x40, add(t18, 64))
        let v17 := t18
        mstore(v17, v3)
        mstore(add(v17, 32), v1)
        let v9 := v17
        ret := v9
        leave
      }
      function $encoder_new(p0) -> ret {
        let v1 := p0
        let v3 := $impl$SolEncoder$new(v1)
        let v2 := v3
        ret := v2
        leave
      }
      function $impl$SolDecoder$new$g463e(p0) -> ret {
        let v4 := $impl$Cursor$new$g463e(p0)
        let v1 := v4
        let v5 := 0x00
        let v2 := v5
        let t7 := mload(0x40)
        if iszero(t7) {
          t7 := 0x80
        }
        mstore(0x40, add(t7, 128))
        let v6 := t7
        mstore(v6, mload(v1))
        mstore(add(v6, 32), mload(add(v1, 32)))
        mstore(add(v6, 64), mload(add(v1, 64)))
        mstore(add(v6, 96), v2)
        let v3 := v6
        ret := v3
        leave
      }
      function $impl$SolEncoder$new(p0) -> ret {
        let v2 := 0
        let v3 := p0
        let v10 := 0x00
        let v4 := v10
        let v11 := iszero(iszero(eq(v3, v4)))
        let v5 := iszero(iszero(v11))
        if iszero(iszero(v5)) {
          let v12 := 0x00
          let v6 := v12
          let v13 := 0x00
          v2 := v13
        }
        if iszero(iszero(iszero(v5))) {
          let v7 := p0
          let t17 := mload(0x40)
          if iszero(t17) {
            t17 := 0x80
          }
          mstore(0x40, add(t17, v7))
          let v15 := t17
          let v8 := v15
          v2 := v8
        }
        let v1 := v2
        let t18 := mload(0x40)
        if iszero(t18) {
          t18 := 0x80
        }
        mstore(0x40, add(t18, 64))
        let v16 := t18
        mstore(v16, v1)
        mstore(add(v16, 32), v1)
        let v9 := v16
        ret := v9
        leave
      }
      function $impl$Cursor$new$g463e(p0) -> ret {
        let v3 := 0x00
        let v1 := v3
        let t5 := mload(0x40)
        if iszero(t5) {
          t5 := 0x80
        }
        mstore(0x40, add(t5, 96))
        let v4 := t5
        mstore(v4, mload(p0))
        mstore(add(v4, 32), mload(add(p0, 32)))
        mstore(add(v4, 64), v1)
        let v2 := v4
        ret := v2
        leave
      }
      function $core$lib$abi$trait$AbiSize$payload_size$ge513_1e2b(p0) -> ret {
        let v2 := 0x20
        let v1 := v2
        ret := v1
        leave
      }
      function $core$lib$abi$trait$AbiSize$payload_size$g67a8_2840(p0) -> ret {
        let v2 := 0x20
        let v1 := v2
        ret := v1
        leave
      }
      function $core$lib$abi$trait$AbiSize$payload_size$ge513_2db2(p0) -> ret {
        let v2 := 0x20
        let v1 := v2
        ret := v1
        leave
      }
      function $core$lib$abi$impl_trait$__$ccb6$payload_size$g6d15_2f65(p0) -> ret {
        let r0 := mload(0x40)
        if iszero(r0) {
          r0 := 0x80
        }
        mstore(0x40, add(r0, 64))
        mstore(r0, mload(p0))
        mstore(add(r0, 32), mload(add(p0, 32)))
        let v8 := 0x40
        let v1 := v8
        let t13 := mload(r0)
        let v2 := t13
        let v9 := $core$lib$abi$dynamic_payload_size$ge513_dc0d(v2)
        let v3 := v9
        let t14 := add(v1, v3)
        if lt(t14, v1) {
          mstore(0, 0x4e487b7100000000000000000000000000000000000000000000000000000000)
          mstore(4, 0x11)
          revert(0, 36)
        }
        let v10 := t14
        let v4 := v10
        let t15 := mload(add(r0, 32))
        let v5 := t15
        let v11 := $core$lib$abi$dynamic_payload_size$g67a8_5478(v5)
        let v6 := v11
        let t16 := add(v4, v6)
        if lt(t16, v4) {
          mstore(0, 0x4e487b7100000000000000000000000000000000000000000000000000000000)
          mstore(4, 0x11)
          revert(0, 36)
        }
        let v12 := t16
        let v7 := v12
        ret := v7
        leave
      }
      function $core$lib$abi$trait$AbiSize$payload_size$ge513_58be(p0) -> ret {
        let v2 := 0x20
        let v1 := v2
        ret := v1
        leave
      }
      function $core$lib$abi$trait$AbiSize$payload_size$g67a8_6056(p0) -> ret {
        let v2 := 0x20
        let v1 := v2
        ret := v1
        leave
      }
      function $core$lib$abi$impl_trait$__$ccb6$payload_size$g6d15_a0d1(p0) -> ret {
        let r0 := mload(0x40)
        if iszero(r0) {
          r0 := 0x80
        }
        mstore(0x40, add(r0, 64))
        mstore(r0, mload(p0))
        mstore(add(r0, 32), mload(add(p0, 32)))
        let v8 := 0x40
        let v1 := v8
        let t13 := mload(r0)
        let v2 := t13
        let v9 := $core$lib$abi$dynamic_payload_size$ge513_535c(v2)
        let v3 := v9
        let t14 := add(v1, v3)
        if lt(t14, v1) {
          mstore(0, 0x4e487b7100000000000000000000000000000000000000000000000000000000)
          mstore(4, 0x11)
          revert(0, 36)
        }
        let v10 := t14
        let v4 := v10
        let t15 := mload(add(r0, 32))
        let v5 := t15
        let v11 := $core$lib$abi$dynamic_payload_size$g67a8_28b9(v5)
        let v6 := v11
        let t16 := add(v4, v6)
        if lt(t16, v4) {
          mstore(0, 0x4e487b7100000000000000000000000000000000000000000000000000000000)
          mstore(4, 0x11)
          revert(0, 36)
        }
        let v12 := t16
        let v7 := v12
        ret := v7
        leave
      }
      function $core$lib$abi$trait$AbiSize$payload_size$g67a8_a4dc(p0) -> ret {
        let v2 := 0x20
        let v1 := v2
        ret := v1
        leave
      }
      function $std$lib$abi$sol$impl_trait$SolEncoder$19ce$pos_8129(p0) -> ret {
        let t2 := mload(add(p0, 32))
        let v1 := t2
        ret := v1
        leave
      }
      function $std$lib$abi$sol$impl_trait$SolEncoder$19ce$pos_9325(p0) -> ret {
        let t2 := mload(add(p0, 32))
        let v1 := t2
        ret := v1
        leave
      }
      function $std$lib$abi$sol$impl_trait$SolEncoder$19ce$pos_ba59(p0) -> ret {
        let t2 := mload(add(p0, 32))
        let v1 := t2
        ret := v1
        leave
      }
      function $std$lib$abi$sol$impl_trait$SolEncoder$19ce$set_base_00cc(p0, p1) {
        let v2 := p1
        mstore(p0, v2)
        leave
      }
      function $std$lib$abi$sol$impl_trait$SolEncoder$19ce$set_base_49da(p0, p1) {
        let v2 := p1
        mstore(p0, v2)
        leave
      }
      function $std$lib$abi$sol$impl_trait$SolEncoder$19ce$set_base_7d91(p0, p1) {
        let v2 := p1
        mstore(p0, v2)
        leave
      }
      function $std$lib$abi$sol$impl_trait$SolEncoder$19ce$set_pos_32ab(p0, p1) {
        let v2 := p1
        mstore(add(p0, 32), v2)
        leave
      }
      function $std$lib$abi$sol$impl_trait$SolEncoder$19ce$set_pos_8696(p0, p1) {
        let v2 := p1
        mstore(add(p0, 32), v2)
        leave
      }
      function $std$lib$abi$sol$impl_trait$SolEncoder$19ce$set_pos_c151(p0, p1) {
        let v2 := p1
        mstore(add(p0, 32), v2)
        leave
      }
      function $std$lib$abi$sol$impl_trait$SolEncoder$19ce$write_word_0da5(p0, p1) {
        let t13 := mload(add(p0, 32))
        let v3 := t13
        let v2 := v3
        let v4 := p1
        mstore(v2, v4)
        let v11 := 0x20
        let v6 := v11
        let v12 := add(v2, v6)
        let v7 := v12
        mstore(add(p0, 32), v7)
        leave
      }
      function $std$lib$abi$sol$impl_trait$SolEncoder$19ce$write_word_142b(p0, p1) {
        let t13 := mload(add(p0, 32))
        let v3 := t13
        let v2 := v3
        let v4 := p1
        mstore(v2, v4)
        let v11 := 0x20
        let v6 := v11
        let v12 := add(v2, v6)
        let v7 := v12
        mstore(add(p0, 32), v7)
        leave
      }
      function $std$lib$abi$sol$impl_trait$SolEncoder$19ce$write_word_72e6(p0, p1) {
        let t13 := mload(add(p0, 32))
        let v3 := t13
        let v2 := v3
        let v4 := p1
        mstore(v2, v4)
        let v11 := 0x20
        let v6 := v11
        let v12 := add(v2, v6)
        let v7 := v12
        mstore(add(p0, 32), v7)
        leave
      }
      function $std$lib$abi$sol$impl_trait$SolEncoder$19ce$write_word_b930(p0, p1) {
        let t13 := mload(add(p0, 32))
        let v3 := t13
        let v2 := v3
        let v4 := p1
        mstore(v2, v4)
        let v11 := 0x20
        let v6 := v11
        let v12 := add(v2, v6)
        let v7 := v12
        mstore(add(p0, 32), v7)
        leave
      }
      function $std$lib$abi$sol$impl_trait$SolEncoder$19ce$write_word_c2bc(p0, p1) {
        let t13 := mload(add(p0, 32))
        let v3 := t13
        let v2 := v3
        let v4 := p1
        mstore(v2, v4)
        let v11 := 0x20
        let v6 := v11
        let v12 := add(v2, v6)
        let v7 := v12
        mstore(add(p0, 32), v7)
        leave
      }
      function $zero() -> ret {
        let v2 := 0x00
        let v0 := v2
        let v3 := 0x00
        let v4 := v3
        let v1 := v4
        ret := v1
        leave
      }
      $contract_runtime_root_TupleReturnContract()
    }
  }
}
