---
source: crates/codegen/tests/yul.rs
expression: output
input_file: tests/fixtures/unit_method_call.fe
---
object "main" {
  code {
    function $call_unit_method(p0) {
      $increment(p0)
      leave
    }
    function $increment(p0) {
      leave
    }
    function $main() {
      let v3 := 0x01
      let v0 := v3
      let v4 := 0x01
      let v5 := v4
      let v1 := v5
      let t10 := mload(0x40)
      if iszero(t10) {
        t10 := 0x80
      }
      mstore(0x40, add(t10, 32))
      mstore(t10, v1)
      let v8 := t10
      $call_unit_method(v8)
      leave
    }
    function $main_root() {
      $main()
      stop()
    }
    $main_root()
  }
}
