---
source: crates/codegen/tests/sonatina_ir.rs
assertion_line: 64
expression: output
input_file: crates/codegen/tests/fixtures/const_array.fe
---
target = "evm-ethereum-osaka"

global private const [i8; 96] $__fe_const_data_0 = [0, 0, 0, 0, 0, 0, 0, 0, 0, 0, 0, 0, 0, 0, 0, 0, 0, 0, 0, 0, 0, 0, 0, 0, 0, 0, 0, 0, 0, 0, 0, 10, 0, 0, 0, 0, 0, 0, 0, 0, 0, 0, 0, 0, 0, 0, 0, 0, 0, 0, 0, 0, 0, 0, 0, 0, 0, 0, 0, 0, 0, 0, 0, 20, 0, 0, 0, 0, 0, 0, 0, 0, 0, 0, 0, 0, 0, 0, 0, 0, 0, 0, 0, 0, 0, 0, 0, 0, 0, 0, 0, 0, 0, 0, 0, 30];

func private %sum_two(v0.i256, v1.i256) -> i256 {
    block0:
        v2.i256 = sym_addr $__fe_const_data_0;
        v3.*[i256; 3] = int_to_ptr v2 *[i256; 3];
        v6.i1 = lt v0 3.i256;
        v7.i1 = is_zero v6;
        br v7 block1 block2;

    block1:
        v9.*i8 = evm_malloc 36.i256;
        v10.i256 = ptr_to_int v9 i256;
        mstore v10 35408467139433450592217433187231851964531694900788300625387963629091585785856.i256 i256;
        v13.i256 = add v10 4.i256;
        mstore v13 50.i256 i256;
        evm_revert v10 36.i256;

    block2:
        v15.*i256 = gep v3 0.i256 v0;
        v16.i256 = ptr_to_int v15 i256;
        v18.*i256 = alloca i256;
        v19.i256 = ptr_to_int v18 i256;
        evm_code_copy v19 v16 32.i256;
        v20.i256 = mload v19 i256;
        v21.i256 = sym_addr $__fe_const_data_0;
        v22.*[i256; 3] = int_to_ptr v21 *[i256; 3];
        v24.i1 = lt v1 3.i256;
        v25.i1 = is_zero v24;
        br v25 block1 block3;

    block3:
        v26.*i256 = gep v22 0.i256 v1;
        v27.i256 = ptr_to_int v26 i256;
        v28.*i256 = alloca i256;
        v29.i256 = ptr_to_int v28 i256;
        evm_code_copy v29 v27 32.i256;
        v30.i256 = mload v29 i256;
        (v32.i256, v33.i1) = uaddo v20 v30;
        br v33 block4 block5;

    block4:
        v34.*i8 = evm_malloc 36.i256;
        v35.i256 = ptr_to_int v34 i256;
        mstore v35 35408467139433450592217433187231851964531694900788300625387963629091585785856.i256 i256;
        v36.i256 = add v35 4.i256;
        mstore v36 17.i256 i256;
        evm_revert v35 36.i256;

    block5:
        return v32;
}

func private %__fe_sonatina_entry() {
    block0:
        v1.i256 = call %sum_two 0.i256 0.i256;
        evm_stop;
}


object @Contract {
    section runtime {
        entry %__fe_sonatina_entry;
        data $__fe_const_data_0;
    }
}
