---
source: crates/codegen/tests/sonatina_ir.rs
expression: output
input_file: crates/codegen/tests/fixtures/match_nested_default.fe
---
target = "evm-ethereum-osaka"

type @layout_3 = {i8, i8, i8, i8};
type @layout_0 = enum {
    #A,
    #B,
    #C,
};
type @layout_1 = enum {
    #First(@layout_0),
    #Second(@layout_0),
};
type @layout_2 = enum {
    #Wrap(@layout_1),
};

func private %deeply_nested_wildcard(v0.objref<@layout_2>) -> i8 {
    block0:
        v1.objref<@layout_1> = obj.alloc @layout_1;
        v2.objref<@layout_0> = obj.alloc @layout_0;
        jump block1;

    block1:
        v4.@layout_2 = obj.load v0;
        v5.enumtag(@layout_2) = enum.tag v4;
        br_table v5 (0.enumtag(@layout_2) block3);

    block2:
        v7.i8 = phi (0.i8 block5) (1.i8 block6) (0.i8 block7);
        return v7;

    block3:
        v9.@layout_2 = obj.load v0;
        enum.assert_variant v9 #Wrap;
        v11.@layout_1 = enum.extract v9 #Wrap 0.i256;
        v12.objref<@layout_2> = enum.assert_variant_ref v0 #Wrap;
        v13.objref<@layout_1> = enum.proj v12 #Wrap 0.i256;
        v14.enumtag(@layout_1) = enum.tag v11;
        br_table v14 block9 (0.enumtag(@layout_1) block10) (1.enumtag(@layout_1) block11);

    block4:
        v32.objref<@layout_2> = enum.assert_variant_ref v0 #Wrap;
        v33.objref<@layout_1> = enum.proj v32 #Wrap 0.i256;
        v34.@layout_1 = obj.load v33;
        enum.assert_variant v34 #First;
        v35.@layout_0 = enum.extract v34 #First 0.i256;
        v36.objref<@layout_2> = enum.assert_variant_ref v0 #Wrap;
        v37.objref<@layout_1> = enum.proj v36 #Wrap 0.i256;
        v38.objref<@layout_1> = enum.assert_variant_ref v37 #First;
        v39.objref<@layout_0> = enum.proj v38 #First 0.i256;
        v40.enumtag(@layout_0) = enum.tag v35;
        br_table v40 block23 (0.enumtag(@layout_0) block24) (1.enumtag(@layout_0) block25) (2.enumtag(@layout_0) block26);

    block5:
        jump block2;

    block6:
        jump block2;

    block7:
        jump block2;

    block8:
        v27.objref<@layout_2> = enum.assert_variant_ref v0 #Wrap;
        v28.objref<@layout_1> = enum.proj v27 #Wrap 0.i256;
        v29.@layout_1 = obj.load v28;
        v30.enumtag(@layout_1) = enum.tag v29;
        br_table v30 block5 (0.enumtag(@layout_1) block4);

    block9:
        unreachable;

    block10:
        enum.set_tag v13 #First;
        enum.assert_variant v11 #First;
        v17.objref<@layout_0> = enum.proj v13 #First 0.i256;
        v18.@layout_0 = enum.extract v11 #First 0.i256;
        v19.enumtag(@layout_0) = enum.tag v18;
        br_table v19 block13 (0.enumtag(@layout_0) block14) (1.enumtag(@layout_0) block15) (2.enumtag(@layout_0) block16);

    block11:
        enum.set_tag v13 #Second;
        enum.assert_variant v11 #Second;
        v23.objref<@layout_0> = enum.proj v13 #Second 0.i256;
        v24.@layout_0 = enum.extract v11 #Second 0.i256;
        v25.enumtag(@layout_0) = enum.tag v24;
        br_table v25 block18 (0.enumtag(@layout_0) block19) (1.enumtag(@layout_0) block20) (2.enumtag(@layout_0) block21);

    block12:
        jump block8;

    block13:
        unreachable;

    block14:
        enum.set_tag v17 #A;
        jump block12;

    block15:
        enum.set_tag v17 #B;
        jump block12;

    block16:
        enum.set_tag v17 #C;
        jump block12;

    block17:
        jump block8;

    block18:
        unreachable;

    block19:
        enum.set_tag v23 #A;
        jump block17;

    block20:
        enum.set_tag v23 #B;
        jump block17;

    block21:
        enum.set_tag v23 #C;
        jump block17;

    block22:
        v42.objref<@layout_2> = enum.assert_variant_ref v0 #Wrap;
        v43.objref<@layout_1> = enum.proj v42 #Wrap 0.i256;
        v44.objref<@layout_1> = enum.assert_variant_ref v43 #First;
        v45.objref<@layout_0> = enum.proj v44 #First 0.i256;
        v46.@layout_0 = obj.load v45;
        v47.enumtag(@layout_0) = enum.tag v46;
        br_table v47 block7 (0.enumtag(@layout_0) block6);

    block23:
        unreachable;

    block24:
        enum.set_tag v39 #A;
        jump block22;

    block25:
        enum.set_tag v39 #B;
        jump block22;

    block26:
        enum.set_tag v39 #C;
        jump block22;
}

func private %exhaustive_inner_outer_wildcard(v0.objref<@layout_1>) -> i8 {
    block0:
        v1.objref<@layout_0> = obj.alloc @layout_0;
        jump block1;

    block1:
        v3.@layout_1 = obj.load v0;
        v4.enumtag(@layout_1) = enum.tag v3;
        br_table v4 block4 (0.enumtag(@layout_1) block3);

    block2:
        v6.i8 = phi (0.i8 block4) (1.i8 block5) (2.i8 block6) (3.i8 block7);
        return v6;

    block3:
        v8.@layout_1 = obj.load v0;
        enum.assert_variant v8 #First;
        v10.@layout_0 = enum.extract v8 #First 0.i256;
        v11.objref<@layout_1> = enum.assert_variant_ref v0 #First;
        v12.objref<@layout_0> = enum.proj v11 #First 0.i256;
        v13.enumtag(@layout_0) = enum.tag v10;
        br_table v13 block9 (0.enumtag(@layout_0) block10) (1.enumtag(@layout_0) block11) (2.enumtag(@layout_0) block12);

    block4:
        jump block2;

    block5:
        jump block2;

    block6:
        jump block2;

    block7:
        jump block2;

    block8:
        v18.objref<@layout_1> = enum.assert_variant_ref v0 #First;
        v19.objref<@layout_0> = enum.proj v18 #First 0.i256;
        v20.@layout_0 = obj.load v19;
        v21.enumtag(@layout_0) = enum.tag v20;
        br_table v21 (0.enumtag(@layout_0) block5) (1.enumtag(@layout_0) block6) (2.enumtag(@layout_0) block7);

    block9:
        unreachable;

    block10:
        enum.set_tag v12 #A;
        jump block8;

    block11:
        enum.set_tag v12 #B;
        jump block8;

    block12:
        enum.set_tag v12 #C;
        jump block8;
}

func private %main() -> @layout_3 {
    block0:
        jump block1;

    block1:
        v0.@layout_0 = enum.make @layout_0 #A;
        v1.@layout_0 = enum.make @layout_0 #A;
        v2.@layout_1 = enum.make @layout_1 #First v1;
        v3.objref<@layout_1> = obj.alloc @layout_1;
        v4.enumtag(@layout_1) = enum.tag v2;
        br_table v4 block3 (0.enumtag(@layout_1) block4) (1.enumtag(@layout_1) block5);

    block2:
        v17.i8 = call %nested_with_defaults v3;
        v18.@layout_0 = enum.make @layout_0 #B;
        v19.@layout_0 = enum.make @layout_0 #B;
        v20.@layout_1 = enum.make @layout_1 #First v19;
        v21.objref<@layout_1> = obj.alloc @layout_1;
        v22.enumtag(@layout_1) = enum.tag v20;
        br_table v22 block17 (0.enumtag(@layout_1) block18) (1.enumtag(@layout_1) block19);

    block3:
        unreachable;

    block4:
        enum.set_tag v3 #First;
        enum.assert_variant v2 #First;
        v8.objref<@layout_0> = enum.proj v3 #First 0.i256;
        v9.@layout_0 = enum.extract v2 #First 0.i256;
        v10.enumtag(@layout_0) = enum.tag v9;
        br_table v10 block7 (0.enumtag(@layout_0) block8) (1.enumtag(@layout_0) block9) (2.enumtag(@layout_0) block10);

    block5:
        enum.set_tag v3 #Second;
        enum.assert_variant v2 #Second;
        v14.objref<@layout_0> = enum.proj v3 #Second 0.i256;
        v15.@layout_0 = enum.extract v2 #Second 0.i256;
        v16.enumtag(@layout_0) = enum.tag v15;
        br_table v16 block12 (0.enumtag(@layout_0) block13) (1.enumtag(@layout_0) block14) (2.enumtag(@layout_0) block15);

    block6:
        jump block2;

    block7:
        unreachable;

    block8:
        enum.set_tag v8 #A;
        jump block6;

    block9:
        enum.set_tag v8 #B;
        jump block6;

    block10:
        enum.set_tag v8 #C;
        jump block6;

    block11:
        jump block2;

    block12:
        unreachable;

    block13:
        enum.set_tag v14 #A;
        jump block11;

    block14:
        enum.set_tag v14 #B;
        jump block11;

    block15:
        enum.set_tag v14 #C;
        jump block11;

    block16:
        v29.i8 = call %outer_specific_inner_wildcard v21;
        v30.@layout_0 = enum.make @layout_0 #C;
        v31.@layout_0 = enum.make @layout_0 #C;
        v32.@layout_1 = enum.make @layout_1 #Second v31;
        v33.@layout_0 = enum.make @layout_0 #C;
        v34.@layout_1 = enum.make @layout_1 #Second v33;
        v35.@layout_2 = enum.make @layout_2 #Wrap v34;
        v36.objref<@layout_2> = obj.alloc @layout_2;
        v37.enumtag(@layout_2) = enum.tag v35;
        br_table v37 block31 (0.enumtag(@layout_2) block32);

    block17:
        unreachable;

    block18:
        enum.set_tag v21 #First;
        enum.assert_variant v20 #First;
        v23.objref<@layout_0> = enum.proj v21 #First 0.i256;
        v24.@layout_0 = enum.extract v20 #First 0.i256;
        v25.enumtag(@layout_0) = enum.tag v24;
        br_table v25 block21 (0.enumtag(@layout_0) block22) (1.enumtag(@layout_0) block23) (2.enumtag(@layout_0) block24);

    block19:
        enum.set_tag v21 #Second;
        enum.assert_variant v20 #Second;
        v26.objref<@layout_0> = enum.proj v21 #Second 0.i256;
        v27.@layout_0 = enum.extract v20 #Second 0.i256;
        v28.enumtag(@layout_0) = enum.tag v27;
        br_table v28 block26 (0.enumtag(@layout_0) block27) (1.enumtag(@layout_0) block28) (2.enumtag(@layout_0) block29);

    block20:
        jump block16;

    block21:
        unreachable;

    block22:
        enum.set_tag v23 #A;
        jump block20;

    block23:
        enum.set_tag v23 #B;
        jump block20;

    block24:
        enum.set_tag v23 #C;
        jump block20;

    block25:
        jump block16;

    block26:
        unreachable;

    block27:
        enum.set_tag v26 #A;
        jump block25;

    block28:
        enum.set_tag v26 #B;
        jump block25;

    block29:
        enum.set_tag v26 #C;
        jump block25;

    block30:
        v48.i8 = call %deeply_nested_wildcard v36;
        v49.@layout_0 = enum.make @layout_0 #C;
        v50.@layout_0 = enum.make @layout_0 #C;
        v51.@layout_1 = enum.make @layout_1 #First v50;
        v52.objref<@layout_1> = obj.alloc @layout_1;
        v53.enumtag(@layout_1) = enum.tag v51;
        br_table v53 block48 (0.enumtag(@layout_1) block49) (1.enumtag(@layout_1) block50);

    block31:
        unreachable;

    block32:
        enum.set_tag v36 #Wrap;
        enum.assert_variant v35 #Wrap;
        v39.objref<@layout_1> = enum.proj v36 #Wrap 0.i256;
        v40.@layout_1 = enum.extract v35 #Wrap 0.i256;
        v41.enumtag(@layout_1) = enum.tag v40;
        br_table v41 block34 (0.enumtag(@layout_1) block35) (1.enumtag(@layout_1) block36);

    block33:
        jump block30;

    block34:
        unreachable;

    block35:
        enum.set_tag v39 #First;
        enum.assert_variant v40 #First;
        v42.objref<@layout_0> = enum.proj v39 #First 0.i256;
        v43.@layout_0 = enum.extract v40 #First 0.i256;
        v44.enumtag(@layout_0) = enum.tag v43;
        br_table v44 block38 (0.enumtag(@layout_0) block39) (1.enumtag(@layout_0) block40) (2.enumtag(@layout_0) block41);

    block36:
        enum.set_tag v39 #Second;
        enum.assert_variant v40 #Second;
        v45.objref<@layout_0> = enum.proj v39 #Second 0.i256;
        v46.@layout_0 = enum.extract v40 #Second 0.i256;
        v47.enumtag(@layout_0) = enum.tag v46;
        br_table v47 block43 (0.enumtag(@layout_0) block44) (1.enumtag(@layout_0) block45) (2.enumtag(@layout_0) block46);

    block37:
        jump block33;

    block38:
        unreachable;

    block39:
        enum.set_tag v42 #A;
        jump block37;

    block40:
        enum.set_tag v42 #B;
        jump block37;

    block41:
        enum.set_tag v42 #C;
        jump block37;

    block42:
        jump block33;

    block43:
        unreachable;

    block44:
        enum.set_tag v45 #A;
        jump block42;

    block45:
        enum.set_tag v45 #B;
        jump block42;

    block46:
        enum.set_tag v45 #C;
        jump block42;

    block47:
        v60.i8 = call %exhaustive_inner_outer_wildcard v52;
        v61.objref<@layout_3> = obj.alloc @layout_3;
        v63.objref<i8> = obj.proj v61 0.i256;
        obj.store v63 v17;
        v66.objref<i8> = obj.proj v61 1.i256;
        obj.store v66 v29;
        v69.objref<i8> = obj.proj v61 2.i256;
        obj.store v69 v48;
        v71.objref<i8> = obj.proj v61 3.i256;
        obj.store v71 v60;
        v72.@layout_3 = obj.load v61;
        return v72;

    block48:
        unreachable;

    block49:
        enum.set_tag v52 #First;
        enum.assert_variant v51 #First;
        v54.objref<@layout_0> = enum.proj v52 #First 0.i256;
        v55.@layout_0 = enum.extract v51 #First 0.i256;
        v56.enumtag(@layout_0) = enum.tag v55;
        br_table v56 block52 (0.enumtag(@layout_0) block53) (1.enumtag(@layout_0) block54) (2.enumtag(@layout_0) block55);

    block50:
        enum.set_tag v52 #Second;
        enum.assert_variant v51 #Second;
        v57.objref<@layout_0> = enum.proj v52 #Second 0.i256;
        v58.@layout_0 = enum.extract v51 #Second 0.i256;
        v59.enumtag(@layout_0) = enum.tag v58;
        br_table v59 block57 (0.enumtag(@layout_0) block58) (1.enumtag(@layout_0) block59) (2.enumtag(@layout_0) block60);

    block51:
        jump block47;

    block52:
        unreachable;

    block53:
        enum.set_tag v54 #A;
        jump block51;

    block54:
        enum.set_tag v54 #B;
        jump block51;

    block55:
        enum.set_tag v54 #C;
        jump block51;

    block56:
        jump block47;

    block57:
        unreachable;

    block58:
        enum.set_tag v57 #A;
        jump block56;

    block59:
        enum.set_tag v57 #B;
        jump block56;

    block60:
        enum.set_tag v57 #C;
        jump block56;
}

func private %main_root() {
    block0:
        jump block1;

    block1:
        v0.@layout_3 = call %main;
        evm_stop;
}

func private %nested_with_defaults(v0.objref<@layout_1>) -> i8 {
    block0:
        v1.objref<@layout_0> = obj.alloc @layout_0;
        v2.objref<@layout_0> = obj.alloc @layout_0;
        jump block1;

    block1:
        v4.@layout_1 = obj.load v0;
        v5.enumtag(@layout_1) = enum.tag v4;
        br_table v5 (0.enumtag(@layout_1) block3) (1.enumtag(@layout_1) block4);

    block2:
        v8.i8 = phi (1.i8 block5) (0.i8 block6) (2.i8 block7) (0.i8 block8);
        return v8;

    block3:
        v10.@layout_1 = obj.load v0;
        enum.assert_variant v10 #First;
        v12.@layout_0 = enum.extract v10 #First 0.i256;
        v13.objref<@layout_1> = enum.assert_variant_ref v0 #First;
        v14.objref<@layout_0> = enum.proj v13 #First 0.i256;
        v15.enumtag(@layout_0) = enum.tag v12;
        br_table v15 block10 (0.enumtag(@layout_0) block11) (1.enumtag(@layout_0) block12) (2.enumtag(@layout_0) block13);

    block4:
        v25.@layout_1 = obj.load v0;
        enum.assert_variant v25 #Second;
        v26.@layout_0 = enum.extract v25 #Second 0.i256;
        v27.objref<@layout_1> = enum.assert_variant_ref v0 #Second;
        v28.objref<@layout_0> = enum.proj v27 #Second 0.i256;
        v29.enumtag(@layout_0) = enum.tag v26;
        br_table v29 block15 (0.enumtag(@layout_0) block16) (1.enumtag(@layout_0) block17) (2.enumtag(@layout_0) block18);

    block5:
        jump block2;

    block6:
        jump block2;

    block7:
        jump block2;

    block8:
        jump block2;

    block9:
        v20.objref<@layout_1> = enum.assert_variant_ref v0 #First;
        v21.objref<@layout_0> = enum.proj v20 #First 0.i256;
        v22.@layout_0 = obj.load v21;
        v23.enumtag(@layout_0) = enum.tag v22;
        br_table v23 block6 (0.enumtag(@layout_0) block5);

    block10:
        unreachable;

    block11:
        enum.set_tag v14 #A;
        jump block9;

    block12:
        enum.set_tag v14 #B;
        jump block9;

    block13:
        enum.set_tag v14 #C;
        jump block9;

    block14:
        v31.objref<@layout_1> = enum.assert_variant_ref v0 #Second;
        v32.objref<@layout_0> = enum.proj v31 #Second 0.i256;
        v33.@layout_0 = obj.load v32;
        v34.enumtag(@layout_0) = enum.tag v33;
        br_table v34 block8 (1.enumtag(@layout_0) block7);

    block15:
        unreachable;

    block16:
        enum.set_tag v28 #A;
        jump block14;

    block17:
        enum.set_tag v28 #B;
        jump block14;

    block18:
        enum.set_tag v28 #C;
        jump block14;
}

func private %outer_specific_inner_wildcard(v0.objref<@layout_1>) -> i8 {
    block0:
        v1.objref<@layout_0> = obj.alloc @layout_0;
        jump block1;

    block1:
        v3.@layout_1 = obj.load v0;
        v4.enumtag(@layout_1) = enum.tag v3;
        br_table v4 block4 (0.enumtag(@layout_1) block3);

    block2:
        v6.i8 = phi (3.i8 block4) (1.i8 block5) (2.i8 block6);
        return v6;

    block3:
        v8.@layout_1 = obj.load v0;
        enum.assert_variant v8 #First;
        v10.@layout_0 = enum.extract v8 #First 0.i256;
        v11.objref<@layout_1> = enum.assert_variant_ref v0 #First;
        v12.objref<@layout_0> = enum.proj v11 #First 0.i256;
        v13.enumtag(@layout_0) = enum.tag v10;
        br_table v13 block8 (0.enumtag(@layout_0) block9) (1.enumtag(@layout_0) block10) (2.enumtag(@layout_0) block11);

    block4:
        jump block2;

    block5:
        jump block2;

    block6:
        jump block2;

    block7:
        v18.objref<@layout_1> = enum.assert_variant_ref v0 #First;
        v19.objref<@layout_0> = enum.proj v18 #First 0.i256;
        v20.@layout_0 = obj.load v19;
        v21.enumtag(@layout_0) = enum.tag v20;
        br_table v21 block6 (0.enumtag(@layout_0) block5);

    block8:
        unreachable;

    block9:
        enum.set_tag v12 #A;
        jump block7;

    block10:
        enum.set_tag v12 #B;
        jump block7;

    block11:
        enum.set_tag v12 #C;
        jump block7;
}


object @main {
    section main {
        entry %main_root;
    }
}
