---
source: crates/hir/tests/ty_check.rs
expression: res
input_file: test_files/ty_check/effect_trait_generic_instantiation.fe
---
note: 
   ┌─ effect_trait_generic_instantiation.fe:11:1
   │  
11 │ ╭ {
12 │ │     ()
13 │ │ }
   │ ╰─^ ()

note: 
   ┌─ effect_trait_generic_instantiation.fe:12:5
   │
12 │     ()
   │     ^^ ()

note: 
   ┌─ effect_trait_generic_instantiation.fe:15:13
   │  
15 │   pub fn ok() {
   │ ╭─────────────^
16 │ │     with (Ctx<u8> = CtxU8 {}, Ctx<u16> = CtxU16 {}) {
17 │ │         needs_ctx<u16>()
18 │ │     }
19 │ │ }
   │ ╰─^ ()

note: 
   ┌─ effect_trait_generic_instantiation.fe:16:5
   │  
16 │ ╭     with (Ctx<u8> = CtxU8 {}, Ctx<u16> = CtxU16 {}) {
17 │ │         needs_ctx<u16>()
18 │ │     }
   │ ╰─────^ ()

note: 
   ┌─ effect_trait_generic_instantiation.fe:16:21
   │
16 │     with (Ctx<u8> = CtxU8 {}, Ctx<u16> = CtxU16 {}) {
   │                     ^^^^^^^^ CtxU8

note: 
   ┌─ effect_trait_generic_instantiation.fe:16:42
   │
16 │     with (Ctx<u8> = CtxU8 {}, Ctx<u16> = CtxU16 {}) {
   │                                          ^^^^^^^^^ CtxU16

note: 
   ┌─ effect_trait_generic_instantiation.fe:16:53
   │  
16 │       with (Ctx<u8> = CtxU8 {}, Ctx<u16> = CtxU16 {}) {
   │ ╭─────────────────────────────────────────────────────^
17 │ │         needs_ctx<u16>()
18 │ │     }
   │ ╰─────^ ()

note: 
   ┌─ effect_trait_generic_instantiation.fe:17:9
   │
17 │         needs_ctx<u16>()
   │         ^^^^^^^^^^^^^^ fn needs_ctx<u16>

note: 
   ┌─ effect_trait_generic_instantiation.fe:17:9
   │
17 │         needs_ctx<u16>()
   │         ^^^^^^^^^^^^^^^^ ()
