---
source: crates/fe/tests/cli_output.rs
expression: snapshot
---
=== STDOUT ===
Wrote <out>/KeyperSet.bin
Wrote <out>/KeyperSet.runtime.bin

=== STDERR ===
Warning: skipping recv arm `Get`: selector signature is unknown; use `#[selector = sol("name(types)")]` to include it in the ABI

=== EXIT CODE: 0 ===

=== ARTIFACTS ===
KeyperSet.bin: 6000
KeyperSet.runtime.bin: 6000
