---
source: crates/fe/tests/cli_output.rs
expression: output
input_file: tests/fixtures/fe_test_runner/assert_msg.fe
---
=== STDOUT ===
PASS  [<time>] test_assert_msg_reverts
PASS  [<time>] test_assert_msg_passes
PASS  [<time>] test_assert_msg_payload_layout

test result: ok. 3 passed; 0 failed

=== EXIT CODE: 0 ===
