---
source: crates/fe/tests/cli_output.rs
expression: output
input_file: tests/fixtures/fe_test_runner/storage_bytes_encode_return_multi_word.fe
---
=== STDOUT ===
PASS  [<time>] test_storage_bytes_encode_return_one_word_control
PASS  [<time>] test_storage_bytes_encode_return_two_words_repro

test result: ok. 2 passed; 0 failed

=== EXIT CODE: 0 ===
